Component: ARM Compiler 5.06 update 7 (build 960) Tool: armlink [4d3601]

==============================================================================

Section Cross References

    main.o(.text) refers to _printf_pad.o(.text) for _printf_pre_padding
    main.o(.text) refers to _printf_percent.o(.ARM.Collect$$_printf_percent$$00000000) for _printf_percent
    main.o(.text) refers to _printf_d.o(.ARM.Collect$$_printf_percent$$00000009) for _printf_d
    main.o(.text) refers to _printf_dec.o(.text) for _printf_int_dec
    main.o(.text) refers to _printf_s.o(.ARM.Collect$$_printf_percent$$00000014) for _printf_s
    main.o(.text) refers to _printf_str.o(.text) for _printf_str
    main.o(.text) refers to _scanf_int.o(.text) for _scanf_int
    main.o(.text) refers to stm32f4xx_pwr.o(.text) for PWR_BackupAccessCmd
    main.o(.text) refers to stm32f4xx_rtc.o(.text) for RTC_WriteBackupRegister
    main.o(.text) refers to lcd.o(.text) for LCD_Set_Window
    main.o(.text) refers to os_cpu_a.o(.text) for OS_CPU_SR_Save
    main.o(.text) refers to strncpy.o(.text) for strncpy
    main.o(.text) refers to delay.o(.text) for delay_ms
    main.o(.text) refers to os_q.o(.text) for OSQPend
    main.o(.text) refers to rt_memcpy_w.o(.text) for __aeabi_memcpy4
    main.o(.text) refers to lcd.o(.bss) for lcddev
    main.o(.text) refers to main.o(.data) for UI_Buffer
    main.o(.text) refers to main.o(.bss) for Comm_Logs
    main.o(.text) refers to lcd.o(.data) for POINT_COLOR
    main.o(.text) refers to os_mutex.o(.text) for OSMutexPend
    main.o(.text) refers to noretval__2sprintf.o(.text) for __2sprintf
    main.o(.text) refers to strcpy.o(.text) for strcpy
    main.o(.text) refers to strlen.o(.text) for strlen
    main.o(.text) refers to strpbrk.o(.text) for strpbrk
    main.o(.text) refers to strstr.o(.text) for strstr
    main.o(.text) refers to strchr.o(.text) for strchr
    main.o(.text) refers to __0sscanf.o(.text) for __0sscanf
    main.o(.text) refers to rtc.o(.text) for RTC_BKP_Write
    main.o(.text) refers to rt_memclr_w.o(.text) for __aeabi_memclr4
    main.o(.text) refers to noretval__2printf.o(.text) for __2printf
    main.o(.text) refers to main.o(.conststring) for .conststring
    main.o(.text) refers to usart.o(.data) for USART_RX_FLAG
    main.o(.text) refers to usart.o(.bss) for USART_RX_BUF
    main.o(.text) refers to main.o(.constdata) for .constdata
    main.o(.text) refers to adc.o(.text) for Get_Adc_Value
    main.o(.text) refers to dac.o(.text) for Dac1_Set_Vol
    main.o(.text) refers to os_sem.o(.text) for OSSemPend
    main.o(.text) refers to exti.o(.data) for Last_Key
    main.o(.text) refers to os_time.o(.text) for OSTimeDly
    main.o(.text) refers to stm32f4xx_gpio.o(.text) for GPIO_ReadInputDataBit
    main.o(.text) refers to stm32f4xx_exti.o(.text) for EXTI_ClearITPendingBit
    main.o(.text) refers to os_task.o(.text) for OSTaskCreate
    main.o(.text) refers to misc.o(.text) for NVIC_PriorityGroupConfig
    main.o(.text) refers to usart.o(.text) for uart_init
    main.o(.text) refers to led.o(.text) for LED_Init
    main.o(.text) refers to stm32f4xx_rcc.o(.text) for RCC_GetFlagStatus
    main.o(.text) refers to exti.o(.text) for EXTIX_Init
    main.o(.text) refers to sram.o(.text) for FSMC_SRAM_Init
    main.o(.text) refers to os_core.o(.text) for OSInit
    system_stm32f4xx.o(.text) refers to system_stm32f4xx.o(.data) for SystemCoreClock
    led.o(.text) refers to stm32f4xx_rcc.o(.text) for RCC_AHB1PeriphClockCmd
    led.o(.text) refers to stm32f4xx_gpio.o(.text) for GPIO_Init
    adc.o(.text) refers to stm32f4xx_rcc.o(.text) for RCC_AHB1PeriphClockCmd
    adc.o(.text) refers to stm32f4xx_gpio.o(.text) for GPIO_Init
    adc.o(.text) refers to stm32f4xx_adc.o(.text) for ADC_CommonInit
    adc.o(.text) refers to delay.o(.text) for delay_ms
    dac.o(.text) refers to stm32f4xx_rcc.o(.text) for RCC_AHB1PeriphClockCmd
    dac.o(.text) refers to stm32f4xx_gpio.o(.text) for GPIO_Init
    dac.o(.text) refers to stm32f4xx_dac.o(.text) for DAC_Init
    dac.o(.text) refers to dflt_clz.o(x$fpl$dfltu) for __aeabi_ui2d
    dac.o(.text) refers to ddiv.o(x$fpl$ddiv) for __aeabi_ddiv
    dac.o(.text) refers to dmul.o(x$fpl$dmul) for __aeabi_dmul
    dac.o(.text) refers to dfixu.o(x$fpl$dfixu) for __aeabi_d2uiz
    key.o(.text) refers to stm32f4xx_rcc.o(.text) for RCC_AHB1PeriphClockCmd
    key.o(.text) refers to stm32f4xx_gpio.o(.text) for GPIO_Init
    key.o(.text) refers to delay.o(.text) for delay_ms
    key.o(.text) refers to key.o(.data) for key_up
    lcd.o(.text) refers to _printf_percent.o(.ARM.Collect$$_printf_percent$$00000000) for _printf_percent
    lcd.o(.text) refers to _printf_x.o(.ARM.Collect$$_printf_percent$$0000000C) for _printf_x
    lcd.o(.text) refers to _printf_hex_int.o(.text) for _printf_longlong_hex
    lcd.o(.text) refers to delay.o(.text) for delay_us
    lcd.o(.text) refers to lcd.o(.bss) for lcddev
    lcd.o(.text) refers to lcd.o(.data) for POINT_COLOR
[...]
    LED_Init                                 0x08003155   Thumb Code    70  led.o(.text)
    Adc_Init                                 0x080031a1   Thumb Code   204  adc.o(.text)
    Get_Adc_Value                            0x0800326d   Thumb Code    46  adc.o(.text)
    Get_Adc_Average                          0x0800329b   Thumb Code    50  adc.o(.text)
    Dac1_Init                                0x080032dd   Thumb Code    84  dac.o(.text)
    Dac1_Set_Vol                             0x08003331   Thumb Code    98  dac.o(.text)
    KEY_Init                                 0x080033b1   Thumb Code    60  key.o(.text)
    KEY_Scan                                 0x080033ed   Thumb Code   188  key.o(.text)
    LCD_WR_REG                               0x080034b5   Thumb Code    18  lcd.o(.text)
    LCD_WR_DATA                              0x080034c7   Thumb Code    20  lcd.o(.text)
    LCD_RD_DATA                              0x080034db   Thumb Code    16  lcd.o(.text)
    LCD_WriteReg                             0x080034eb   Thumb Code    14  lcd.o(.text)
    LCD_ReadReg                              0x080034f9   Thumb Code    22  lcd.o(.text)
    LCD_WriteRAM_Prepare                     0x0800350f   Thumb Code    10  lcd.o(.text)
    LCD_WriteRAM                             0x08003519   Thumb Code     8  lcd.o(.text)
    LCD_BGR2RGB                              0x08003521   Thumb Code    26  lcd.o(.text)
    opt_delay                                0x0800353b   Thumb Code    14  lcd.o(.text)
    LCD_SetCursor                            0x08003549   Thumb Code   418  lcd.o(.text)
    LCD_ReadPoint                            0x080036eb   Thumb Code   360  lcd.o(.text)
    LCD_DisplayOn                            0x08003853   Thumb Code   102  lcd.o(.text)
    LCD_DisplayOff                           0x080038b9   Thumb Code    90  lcd.o(.text)
    LCD_Scan_Dir                             0x08003913   Thumb Code   744  lcd.o(.text)
    LCD_DrawPoint                            0x08003bfb   Thumb Code    28  lcd.o(.text)
    LCD_Fast_DrawPoint                       0x08003c17   Thumb Code   388  lcd.o(.text)
    LCD_SSD_BackLightSet                     0x08003d9b   Thumb Code    88  lcd.o(.text)
    LCD_Display_Dir                          0x08003df3   Thumb Code   444  lcd.o(.text)
    LCD_Set_Window                           0x08003faf   Thumb Code   546  lcd.o(.text)
    LCD_Clear                                0x080041d1   Thumb Code   100  lcd.o(.text)
    LCD_Init                                 0x08004235   Thumb Code 14696  lcd.o(.text)
    LCD_Fill                                 0x08007b9d   Thumb Code   180  lcd.o(.text)
    LCD_Color_Fill                           0x08007c51   Thumb Code   100  lcd.o(.text)
    LCD_DrawLine                             0x08007cb5   Thumb Code   176  lcd.o(.text)
    LCD_DrawRectangle                        0x08007d65   Thumb Code    60  lcd.o(.text)
    LCD_Draw_Circle                          0x08007da1   Thumb Code   152  lcd.o(.text)
    LCD_ShowChar                             0x08007e39   Thumb Code   272  lcd.o(.text)
    LCD_Pow                                  0x08007f49   Thumb Code    22  lcd.o(.text)
    LCD_ShowNum                              0x08007f5f   Thumb Code   148  lcd.o(.text)
    LCD_ShowxNum                             0x08007ff3   Thumb Code   220  lcd.o(.text)
    LCD_ShowString                           0x080080cf   Thumb Code   102  lcd.o(.text)
    RTC_Set_Time                             0x08008135   Thumb Code    36  rtc.o(.text)
    RTC_Set_Date                             0x08008159   Thumb Code    36  rtc.o(.text)
    My_RTC_Init                              0x0800817d   Thumb Code   148  rtc.o(.text)
    RTC_Set_AlarmA                           0x08008211   Thumb Code   158  rtc.o(.text)
    RTC_Set_WakeUp                           0x080082af   Thumb Code   108  rtc.o(.text)
    RTC_Alarm_IRQHandler                     0x0800831b   Thumb Code    38  rtc.o(.text)
    RTC_WKUP_IRQHandler                      0x08008341   Thumb Code    54  rtc.o(.text)
    RTC_BKP_Write                            0x08008377   Thumb Code    20  rtc.o(.text)
    RTC_BKP_Read                             0x0800838b   Thumb Code    10  rtc.o(.text)
    RTC_Get_Time_Str                         0x08008395   Thumb Code    44  rtc.o(.text)
    FSMC_SRAM_Init                           0x080083d9   Thumb Code   694  sram.o(.text)
    FSMC_SRAM_WriteBuffer                    0x0800868f   Thumb Code    24  sram.o(.text)
    FSMC_SRAM_ReadBuffer                     0x080086a7   Thumb Code    22  sram.o(.text)
    EXTI0_IRQHandler                         0x080086d1   Thumb Code    44  exti.o(.text)
    EXTI2_IRQHandler                         0x080086fd   Thumb Code    42  exti.o(.text)
    EXTI3_IRQHandler                         0x08008727   Thumb Code    42  exti.o(.text)
    EXTI4_IRQHandler                         0x08008751   Thumb Code    42  exti.o(.text)
    EXTIX_Init                               0x0800877b   Thumb Code   222  exti.o(.text)
    delay_osschedlock                        0x08008869   Thumb Code     8  delay.o(.text)
    delay_osschedunlock                      0x08008871   Thumb Code     8  delay.o(.text)
    delay_ostimedly                          0x08008879   Thumb Code    12  delay.o(.text)
    SysTick_Handler                          0x08008885   Thumb Code    24  delay.o(.text)
    delay_init                               0x0800889d   Thumb Code    76  delay.o(.text)
    delay_us                                 0x080088e9   Thumb Code    84  delay.o(.text)
    delay_ms                                 0x0800893d   Thumb Code    66  delay.o(.text)
    _sys_exit                                0x08008991   Thumb Code     6  usart.o(.text)
    fputc                                    0x08008997   Thumb Code    22  usart.o(.text)
    uart_init                                0x080089ad   Thumb Code   268  usart.o(.text)
    USART1_IRQHandler                        0x08008ab9   Thumb Code   126  usart.o(.text)
    Reset_Handler                            0x08008b51   Thumb Code     8  startup_stm32f40_41xxx.o(.text)
    ADC_IRQHandler                           0x08008b6b   Thumb Code     0  startup_stm32f40_41xxx.o(.text)
    CAN1_RX0_IRQHandler                      0x08008b6b   Thumb Code     0  startup_stm32f40_41xxx.o(.text)
    CAN1_RX1_IRQHandler                      0x08008b6b   Thumb Code     0  startup_stm32f40_41xxx.o(.text)
    CAN1_SCE_IRQHandler                      0x08008b6b   Thumb Code     0  startup_stm32f40_41xxx.o(.text)
    CAN1_TX_IRQHandler                       0x08008b6b   Thumb Code     0  startup_stm32f40_41xxx.o(.text)
    CAN2_RX0_IRQHandler                      0x08008b6b   Thumb Code     0  startup_stm32f40_41xxx.o(.text)
    CAN2_RX1_IRQHandler                      0x08008b6b   Thumb Code     0  startup_stm32f40_41xxx.o(.text)
    CAN2_SCE_IRQHandler                      0x08008b6b   Thumb Code     0  startup_stm32f40_41xxx.o(.text)
    CAN2_TX_IRQHandler                       0x08008b6b   Thumb Code     0  startup_stm32f40_41xxx.o(.text)
    CRYP_IRQHandler                          0x08008b6b   Thumb Code     0  startup_stm32f40_41xxx.o(.text)
    DCMI_IRQHandler                          0x08008b6b   Thumb Code     0  startup_stm32f40_41xxx.o(.text)
    DMA1_Stream0_IRQHandler                  0x08008b6b   Thumb Code     0  startup_stm32f40_41xxx.o(.text)
    DMA1_Stream1_IRQHandler                  0x08008b6b   Thumb Code     0  startup_stm32f40_41xxx.o(.text)
    DMA1_Stream2_IRQHandler                  0x08008b6b   Thumb Code     0  startup_stm32f40_41xxx.o(.text)
    DMA1_Stream3_IRQHandler                  0x08008b6b   Thumb Code     0  startup_stm32f40_41xxx.o(.text)
    DMA1_Stream4_IRQHandler                  0x08008b6b   Thumb Code     0  startup_stm32f40_41xxx.o(.text)
    DMA1_Stream5_IRQHandler                  0x08008b6b   Thumb Code     0  startup_stm32f40_41xxx.o(.text)
    DMA1_Stream6_IRQHandler                  0x08008b6b   Thumb Code     0  startup_stm32f40_41xxx.o(.text)
    DMA1_Stream7_IRQHandler                  0x08008b6b   Thumb Code     0  startup_stm32f40_41xxx.o(.text)
    DMA2_Stream0_IRQHandler                  0x08008b6b   Thumb Code     0  startup_stm32f40_41xxx.o(.text)
    DMA2_Stream1_IRQHandler                  0x08008b6b   Thumb Code     0  startup_stm32f40_41xxx.o(.text)
    DMA2_Stream2_IRQHandler                  0x08008b6b   Thumb Code     0  startup_stm32f40_41xxx.o(.text)
    DMA2_Stream3_IRQHandler                  0x08008b6b   Thumb Code     0  startup_stm32f40_41xxx.o(.text)
    DMA2_Stream4_IRQHandler                  0x08008b6b   Thumb Code     0  startup_stm32f40_41xxx.o(.text)
    DMA2_Stream5_IRQHandler                  0x08008b6b   Thumb Code     0  startup_stm32f40_41xxx.o(.text)
    DMA2_Stream6_IRQHandler                  0x08008b6b   Thumb Code     0  startup_stm32f40_41xxx.o(.text)
    DMA2_Stream7_IRQHandler                  0x08008b6b   Thumb Code     0  startup_stm32f40_41xxx.o(.text)
    ETH_IRQHandler                           0x08008b6b   Thumb Code     0  startup_stm32f40_41xxx.o(.text)
    ETH_WKUP_IRQHandler                      0x08008b6b   Thumb Code     0  startup_stm32f40_41xxx.o(.text)
    EXTI15_10_IRQHandler                     0x08008b6b   Thumb Code     0  startup_stm32f40_41xxx.o(.text)
    EXTI1_IRQHandler                         0x08008b6b   Thumb Code     0  startup_stm32f40_41xxx.o(.text)
    EXTI9_5_IRQHandler                       0x08008b6b   Thumb Code     0  startup_stm32f40_41xxx.o(.text)
    FLASH_IRQHandler                         0x08008b6b   Thumb Code     0  startup_stm32f40_41xxx.o(.text)
    FPU_IRQHandler                           0x08008b6b   Thumb Code     0  startup_stm32f40_41xxx.o(.text)
    FSMC_IRQHandler                          0x08008b6b   Thumb Code     0  startup_stm32f40_41xxx.o(.text)
    HASH_RNG_IRQHandler                      0x08008b6b   Thumb Code     0  startup_stm32f40_41xxx.o(.text)
    I2C1_ER_IRQHandler                       0x08008b6b   Thumb Code     0  startup_stm32f40_41xxx.o(.text)
    I2C1_EV_IRQHandler                       0x08008b6b   Thumb Code     0  startup_stm32f40_41xxx.o(.text)
    I2C2_ER_IRQHandler                       0x08008b6b   Thumb Code     0  startup_stm32f40_41xxx.o(.text)
    I2C2_EV_IRQHandler                       0x08008b6b   Thumb Code     0  startup_stm32f40_41xxx.o(.text)
    I2C3_ER_IRQHandler                       0x08008b6b   Thumb Code     0  startup_stm32f40_41xxx.o(.text)
    I2C3_EV_IRQHandler                       0x08008b6b   Thumb Code     0  startup_stm32f40_41xxx.o(.text)
    OTG_FS_IRQHandler                        0x08008b6b   Thumb Code     0  startup_stm32f40_41xxx.o(.text)
    OTG_FS_WKUP_IRQHandler                   0x08008b6b   Thumb Code     0  startup_stm32f40_41xxx.o(.text)
    OTG_HS_EP1_IN_IRQHandler                 0x08008b6b   Thumb Code     0  startup_stm32f40_41xxx.o(.text)
    OTG_HS_EP1_OUT_IRQHandler                0x08008b6b   Thumb Code     0  startup_stm32f40_41xxx.o(.text)
    OTG_HS_IRQHandler                        0x08008b6b   Thumb Code     0  startup_stm32f40_41xxx.o(.text)
    OTG_HS_WKUP_IRQHandler                   0x08008b6b   Thumb Code     0  startup_stm32f40_41xxx.o(.text)
    PVD_IRQHandler                           0x08008b6b   Thumb Code     0  startup_stm32f40_41xxx.o(.text)
    RCC_IRQHandler                           0x08008b6b   Thumb Code     0  startup_stm32f40_41xxx.o(.text)
    SDIO_IRQHandler                          0x08008b6b   Thumb Code     0  startup_stm32f40_41xxx.o(.text)
    SPI1_IRQHandler                          0x08008b6b   Thumb Code     0  startup_stm32f40_41xxx.o(.text)
    SPI2_IRQHandler                          0x08008b6b   Thumb Code     0  startup_stm32f40_41xxx.o(.text)
    SPI3_IRQHandler                          0x08008b6b   Thumb Code     0  startup_stm32f40_41xxx.o(.text)
    TAMP_STAMP_IRQHandler                    0x08008b6b   Thumb Code     0  startup_stm32f40_41xxx.o(.text)
    TIM1_BRK_TIM9_IRQHandler                 0x08008b6b   Thumb Code     0  startup_stm32f40_41xxx.o(.text)
    TIM1_CC_IRQHandler                       0x08008b6b   Thumb Code     0  startup_stm32f40_41xxx.o(.text)
    TIM1_TRG_COM_TIM11_IRQHandler            0x08008b6b   Thumb Code     0  startup_stm32f40_41xxx.o(.text)
    TIM1_UP_TIM10_IRQHandler                 0x08008b6b   Thumb Code     0  startup_stm32f40_41xxx.o(.text)
    TIM2_IRQHandler                          0x08008b6b   Thumb Code     0  startup_stm32f40_41xxx.o(.text)
    TIM3_IRQHandler                          0x08008b6b   Thumb Code     0  startup_stm32f40_41xxx.o(.text)
    TIM4_IRQHandler                          0x08008b6b   Thumb Code     0  startup_stm32f40_41xxx.o(.text)
    TIM5_IRQHandler                          0x08008b6b   Thumb Code     0  startup_stm32f40_41xxx.o(.text)
    TIM6_DAC_IRQHandler                      0x08008b6b   Thumb Code     0  startup_stm32f40_41xxx.o(.text)
    TIM7_IRQHandler                          0x08008b6b   Thumb Code     0  startup_stm32f40_41xxx.o(.text)
    TIM8_BRK_TIM12_IRQHandler                0x08008b6b   Thumb Code     0  startup_stm32f40_41xxx.o(.text)
    TIM8_CC_IRQHandler                       0x08008b6b   Thumb Code     0  startup_stm32f40_41xxx.o(.text)
    TIM8_TRG_COM_TIM14_IRQHandler            0x08008b6b   Thumb Code     0  startup_stm32f40_41xxx.o(.text)
    TIM8_UP_TIM13_IRQHandler                 0x08008b6b   Thumb Code     0  startup_stm32f40_41xxx.o(.text)
    UART4_IRQHandler                         0x08008b6b   Thumb Code     0  startup_stm32f40_41xxx.o(.text)
    UART5_IRQHandler                         0x08008b6b   Thumb Code     0  startup_stm32f40_41xxx.o(.text)
    USART2_IRQHandler                        0x08008b6b   Thumb Code     0  startup_stm32f40_41xxx.o(.text)
    USART3_IRQHandler                        0x08008b6b   Thumb Code     0  startup_stm32f40_41xxx.o(.text)
    USART6_IRQHandler                        0x08008b6b   Thumb Code     0  startup_stm32f40_41xxx.o(.text)
    WWDG_IRQHandler                          0x08008b6b   Thumb Code     0  startup_stm32f40_41xxx.o(.text)
    __user_initial_stackheap                 0x08008b6d   Thumb Code     0  startup_stm32f40_41xxx.o(.text)
    NVIC_PriorityGroupConfig                 0x08008b91   Thumb Code    10  misc.o(.text)
    NVIC_Init                                0x08008b9b   Thumb Code   106  misc.o(.text)
    NVIC_SetVectorTable                      0x08008c05   Thumb Code    14  misc.o(.text)
    NVIC_SystemLPConfig                      0x08008c13   Thumb Code    34  misc.o(.text)
    SysTick_CLKSourceConfig                  0x08008c35   Thumb Code    40  misc.o(.text)
    GPIO_DeInit                              0x08008c71   Thumb Code   268  stm32f4xx_gpio.o(.text)
    GPIO_Init                                0x08008d7d   Thumb Code   144  stm32f4xx_gpio.o(.text)
    GPIO_StructInit                          0x08008e0d   Thumb Code    18  stm32f4xx_gpio.o(.text)
    GPIO_PinLockConfig                       0x08008e1f   Thumb Code    34  stm32f4xx_gpio.o(.text)
    GPIO_ReadInputDataBit                    0x08008e41   Thumb Code    18  stm32f4xx_gpio.o(.text)
    GPIO_ReadInputData                       0x08008e53   Thumb Code     8  stm32f4xx_gpio.o(.text)
    GPIO_ReadOutputDataBit                   0x08008e5b   Thumb Code    18  stm32f4xx_gpio.o(.text)
    GPIO_ReadOutputData                      0x08008e6d   Thumb Code     8  stm32f4xx_gpio.o(.text)
    GPIO_SetBits                             0x08008e75   Thumb Code     4  stm32f4xx_gpio.o(.text)
    GPIO_ResetBits                           0x08008e79   Thumb Code     4  stm32f4xx_gpio.o(.text)
    GPIO_WriteBit                            0x08008e7d   Thumb Code    10  stm32f4xx_gpio.o(.text)
    GPIO_Write                               0x08008e87   Thumb Code     4  stm32f4xx_gpio.o(.text)
    GPIO_ToggleBits                          0x08008e8b   Thumb Code     8  stm32f4xx_gpio.o(.text)
    GPIO_PinAFConfig                         0x08008e93   Thumb Code    70  stm32f4xx_gpio.o(.text)
    RCC_DeInit                               0x08008f05   Thumb Code    82  stm32f4xx_rcc.o(.text)
    RCC_HSEConfig                            0x08008f57   Thumb Code    14  stm32f4xx_rcc.o(.text)
    RCC_GetFlagStatus                        0x08008f65   Thumb Code    60  stm32f4xx_rcc.o(.text)
    RCC_WaitForHSEStartUp                    0x08008fa1   Thumb Code    56  stm32f4xx_rcc.o(.text)
    RCC_AdjustHSICalibrationValue            0x08008fd9   Thumb Code    20  stm32f4xx_rcc.o(.text)
    RCC_HSICmd                               0x08008fed   Thumb Code     6  stm32f4xx_rcc.o(.text)
    RCC_LSEConfig                            0x08008ff3   Thumb Code    46  stm32f4xx_rcc.o(.text)
    RCC_LSICmd                               0x08009021   Thumb Code     6  stm32f4xx_rcc.o(.text)
    RCC_PLLConfig                            0x08009027   Thumb Code    32  stm32f4xx_rcc.o(.text)
    RCC_PLLCmd                               0x08009047   Thumb Code     6  stm32f4xx_rcc.o(.text)
    RCC_PLLI2SConfig                         0x0800904d   Thumb Code    14  stm32f4xx_rcc.o(.text)
    RCC_PLLI2SCmd                            0x0800905b   Thumb Code     6  stm32f4xx_rcc.o(.text)
    RCC_PLLSAIConfig                         0x08009061   Thumb Code    20  stm32f4xx_rcc.o(.text)
    RCC_PLLSAICmd                            0x08009075   Thumb Code     6  stm32f4xx_rcc.o(.text)
    RCC_ClockSecuritySystemCmd               0x0800907b   Thumb Code     6  stm32f4xx_rcc.o(.text)
    RCC_MCO1Config                           0x08009081   Thumb Code    28  stm32f4xx_rcc.o(.text)
    RCC_MCO2Config                           0x0800909d   Thumb Code    28  stm32f4xx_rcc.o(.text)
    RCC_SYSCLKConfig                         0x080090b9   Thumb Code    20  stm32f4xx_rcc.o(.text)
    RCC_GetSYSCLKSource                      0x080090cd   Thumb Code    12  stm32f4xx_rcc.o(.text)
    RCC_HCLKConfig                           0x080090d9   Thumb Code    20  stm32f4xx_rcc.o(.text)
    RCC_PCLK1Config                          0x080090ed   Thumb Code    20  stm32f4xx_rcc.o(.text)
    RCC_PCLK2Config                          0x08009101   Thumb Code    22  stm32f4xx_rcc.o(.text)
    RCC_GetClocksFreq                        0x08009117   Thumb Code   222  stm32f4xx_rcc.o(.text)
    RCC_RTCCLKConfig                         0x080091f5   Thumb Code    54  stm32f4xx_rcc.o(.text)
    RCC_RTCCLKCmd                            0x0800922b   Thumb Code     8  stm32f4xx_rcc.o(.text)
    RCC_BackupResetCmd                       0x08009233   Thumb Code     8  stm32f4xx_rcc.o(.text)
    RCC_I2SCLKConfig                         0x0800923b   Thumb Code     6  stm32f4xx_rcc.o(.text)
    RCC_SAIPLLI2SClkDivConfig                0x08009241   Thumb Code    26  stm32f4xx_rcc.o(.text)
    RCC_SAIPLLSAIClkDivConfig                0x0800925b   Thumb Code    28  stm32f4xx_rcc.o(.text)
    RCC_SAIBlockACLKConfig                   0x08009277   Thumb Code    20  stm32f4xx_rcc.o(.text)
    RCC_SAIBlockBCLKConfig                   0x0800928b   Thumb Code    20  stm32f4xx_rcc.o(.text)
    RCC_LTDCCLKDivConfig                     0x0800929f   Thumb Code    20  stm32f4xx_rcc.o(.text)
    RCC_TIMCLKPresConfig                     0x080092b3   Thumb Code     6  stm32f4xx_rcc.o(.text)
    RCC_AHB1PeriphClockCmd                   0x080092b9   Thumb Code    34  stm32f4xx_rcc.o(.text)
    RCC_AHB2PeriphClockCmd                   0x080092db   Thumb Code    78  stm32f4xx_rcc.o(.text)
    RCC_AHB3PeriphClockCmd                   0x08009329   Thumb Code    34  stm32f4xx_rcc.o(.text)
    RCC_APB1PeriphClockCmd                   0x0800934b   Thumb Code    34  stm32f4xx_rcc.o(.text)
    RCC_APB2PeriphClockCmd                   0x0800936d   Thumb Code    34  stm32f4xx_rcc.o(.text)
    RCC_AHB1PeriphResetCmd                   0x0800938f   Thumb Code    34  stm32f4xx_rcc.o(.text)
    RCC_AHB2PeriphResetCmd                   0x080093b1   Thumb Code    34  stm32f4xx_rcc.o(.text)
    RCC_AHB3PeriphResetCmd                   0x080093d3   Thumb Code    34  stm32f4xx_rcc.o(.text)
    RCC_APB1PeriphResetCmd                   0x080093f5   Thumb Code    34  stm32f4xx_rcc.o(.text)
    RCC_APB2PeriphResetCmd                   0x08009417   Thumb Code    34  stm32f4xx_rcc.o(.text)
    RCC_AHB1PeriphClockLPModeCmd             0x08009439   Thumb Code    34  stm32f4xx_rcc.o(.text)
    RCC_AHB2PeriphClockLPModeCmd             0x0800945b   Thumb Code    34  stm32f4xx_rcc.o(.text)
    RCC_AHB3PeriphClockLPModeCmd             0x0800947d   Thumb Code    34  stm32f4xx_rcc.o(.text)
    RCC_APB1PeriphClockLPModeCmd             0x0800949f   Thumb Code    34  stm32f4xx_rcc.o(.text)
    RCC_APB2PeriphClockLPModeCmd             0x080094c1   Thumb Code    34  stm32f4xx_rcc.o(.text)
    RCC_LSEModeConfig                        0x080094e3   Thumb Code    40  stm32f4xx_rcc.o(.text)
    RCC_ITConfig                             0x0800950b   Thumb Code    34  stm32f4xx_rcc.o(.text)
    RCC_ClearFlag                            0x0800952d   Thumb Code    18  stm32f4xx_rcc.o(.text)
    RCC_GetITStatus                          0x0800953f   Thumb Code    22  stm32f4xx_rcc.o(.text)
    RCC_ClearITPendingBit                    0x08009555   Thumb Code     8  stm32f4xx_rcc.o(.text)
    SYSCFG_DeInit                            0x08009561   Thumb Code    22  stm32f4xx_syscfg.o(.text)
    SYSCFG_MemoryRemapConfig                 0x08009577   Thumb Code     6  stm32f4xx_syscfg.o(.text)
    SYSCFG_MemorySwappingBank                0x0800957d   Thumb Code     6  stm32f4xx_syscfg.o(.text)
    SYSCFG_EXTILineConfig                    0x08009583   Thumb Code    66  stm32f4xx_syscfg.o(.text)
    SYSCFG_ETH_MediaInterfaceConfig          0x080095c5   Thumb Code     8  stm32f4xx_syscfg.o(.text)
    SYSCFG_CompensationCellCmd               0x080095cd   Thumb Code     6  stm32f4xx_syscfg.o(.text)
    SYSCFG_GetCompensationCellStatus         0x080095d3   Thumb Code    22  stm32f4xx_syscfg.o(.text)
    USART_DeInit                             0x080095f5   Thumb Code   206  stm32f4xx_usart.o(.text)
    USART_Init                               0x080096c3   Thumb Code   204  stm32f4xx_usart.o(.text)
    USART_StructInit                         0x0800978f   Thumb Code    24  stm32f4xx_usart.o(.text)
    USART_ClockInit                          0x080097a7   Thumb Code    32  stm32f4xx_usart.o(.text)
    USART_ClockStructInit                    0x080097c7   Thumb Code    12  stm32f4xx_usart.o(.text)
    USART_Cmd                                0x080097d3   Thumb Code    24  stm32f4xx_usart.o(.text)
    USART_SetPrescaler                       0x080097eb   Thumb Code    16  stm32f4xx_usart.o(.text)
    USART_OverSampling8Cmd                   0x080097fb   Thumb Code    22  stm32f4xx_usart.o(.text)
    USART_OneBitMethodCmd                    0x08009811   Thumb Code    24  stm32f4xx_usart.o(.text)
    USART_SendData                           0x08009829   Thumb Code     8  stm32f4xx_usart.o(.text)
    USART_ReceiveData                        0x08009831   Thumb Code    10  stm32f4xx_usart.o(.text)
    USART_SetAddress                         0x0800983b   Thumb Code    18  stm32f4xx_usart.o(.text)
    USART_ReceiverWakeUpCmd                  0x0800984d   Thumb Code    24  stm32f4xx_usart.o(.text)
    USART_WakeUpConfig                       0x08009865   Thumb Code    18  stm32f4xx_usart.o(.text)
    USART_LINBreakDetectLengthConfig         0x08009877   Thumb Code    18  stm32f4xx_usart.o(.text)
    USART_LINCmd                             0x08009889   Thumb Code    24  stm32f4xx_usart.o(.text)
    USART_SendBreak                          0x080098a1   Thumb Code    10  stm32f4xx_usart.o(.text)
    USART_HalfDuplexCmd                      0x080098ab   Thumb Code    24  stm32f4xx_usart.o(.text)
    USART_SetGuardTime                       0x080098c3   Thumb Code    16  stm32f4xx_usart.o(.text)
    USART_SmartCardCmd                       0x080098d3   Thumb Code    24  stm32f4xx_usart.o(.text)
    USART_SmartCardNACKCmd                   0x080098eb   Thumb Code    24  stm32f4xx_usart.o(.text)
    USART_IrDAConfig                         0x08009903   Thumb Code    18  stm32f4xx_usart.o(.text)
    USART_IrDACmd                            0x08009915   Thumb Code    24  stm32f4xx_usart.o(.text)
    USART_DMACmd                             0x0800992d   Thumb Code    18  stm32f4xx_usart.o(.text)
    USART_ITConfig                           0x0800993f   Thumb Code    74  stm32f4xx_usart.o(.text)
    USART_GetFlagStatus                      0x08009989   Thumb Code    26  stm32f4xx_usart.o(.text)
    USART_ClearFlag                          0x080099a3   Thumb Code    18  stm32f4xx_usart.o(.text)
    USART_GetITStatus                        0x080099b5   Thumb Code   118  stm32f4xx_usart.o(.text)
    USART_ClearITPendingBit                  0x08009a2b   Thumb Code    30  stm32f4xx_usart.o(.text)
    ADC_DeInit                               0x08009a49   Thumb Code    22  stm32f4xx_adc.o(.text)
    ADC_Init                                 0x08009a5f   Thumb Code    74  stm32f4xx_adc.o(.text)
    ADC_StructInit                           0x08009aa9   Thumb Code    20  stm32f4xx_adc.o(.text)
    ADC_CommonInit                           0x08009abd   Thumb Code    34  stm32f4xx_adc.o(.text)
    ADC_CommonStructInit                     0x08009adf   Thumb Code    12  stm32f4xx_adc.o(.text)
    ADC_Cmd                                  0x08009aeb   Thumb Code    22  stm32f4xx_adc.o(.text)
    ADC_AnalogWatchdogCmd                    0x08009b01   Thumb Code    16  stm32f4xx_adc.o(.text)
    ADC_AnalogWatchdogThresholdsConfig       0x08009b11   Thumb Code     6  stm32f4xx_adc.o(.text)
    ADC_AnalogWatchdogSingleChannelConfig    0x08009b17   Thumb Code    16  stm32f4xx_adc.o(.text)
    ADC_TempSensorVrefintCmd                 0x08009b27   Thumb Code    34  stm32f4xx_adc.o(.text)
    ADC_VBATCmd                              0x08009b49   Thumb Code    34  stm32f4xx_adc.o(.text)
    ADC_RegularChannelConfig                 0x08009b6b   Thumb Code   184  stm32f4xx_adc.o(.text)
    ADC_SoftwareStartConv                    0x08009c23   Thumb Code    10  stm32f4xx_adc.o(.text)
    ADC_GetSoftwareStartConvStatus           0x08009c2d   Thumb Code    20  stm32f4xx_adc.o(.text)
    ADC_EOCOnEachRegularChannelCmd           0x08009c41   Thumb Code    22  stm32f4xx_adc.o(.text)
    ADC_ContinuousModeCmd                    0x08009c57   Thumb Code    22  stm32f4xx_adc.o(.text)
    ADC_DiscModeChannelCountConfig           0x08009c6d   Thumb Code    24  stm32f4xx_adc.o(.text)
    ADC_DiscModeCmd                          0x08009c85   Thumb Code    22  stm32f4xx_adc.o(.text)
    ADC_GetConversionValue                   0x08009c9b   Thumb Code     8  stm32f4xx_adc.o(.text)
    ADC_GetMultiModeConversionValue          0x08009ca3   Thumb Code     8  stm32f4xx_adc.o(.text)
    ADC_DMACmd                               0x08009cab   Thumb Code    22  stm32f4xx_adc.o(.text)
    ADC_DMARequestAfterLastTransferCmd       0x08009cc1   Thumb Code    22  stm32f4xx_adc.o(.text)
    ADC_MultiModeDMARequestAfterLastTransferCmd 0x08009cd7   Thumb Code    34  stm32f4xx_adc.o(.text)
    ADC_InjectedChannelConfig                0x08009cf9   Thumb Code   130  stm32f4xx_adc.o(.text)
    ADC_InjectedSequencerLengthConfig        0x08009d7b   Thumb Code    24  stm32f4xx_adc.o(.text)
    ADC_SetInjectedOffset                    0x08009d93   Thumb Code    20  stm32f4xx_adc.o(.text)
    ADC_ExternalTrigInjectedConvConfig       0x08009da7   Thumb Code    16  stm32f4xx_adc.o(.text)
    ADC_ExternalTrigInjectedConvEdgeConfig   0x08009db7   Thumb Code    16  stm32f4xx_adc.o(.text)
    ADC_SoftwareStartInjectedConv            0x08009dc7   Thumb Code    10  stm32f4xx_adc.o(.text)
    ADC_GetSoftwareStartInjectedConvCmdStatus 0x08009dd1   Thumb Code    20  stm32f4xx_adc.o(.text)
    ADC_AutoInjectedConvCmd                  0x08009de5   Thumb Code    22  stm32f4xx_adc.o(.text)
    ADC_InjectedDiscModeCmd                  0x08009dfb   Thumb Code    22  stm32f4xx_adc.o(.text)
    ADC_GetInjectedConversionValue           0x08009e11   Thumb Code    28  stm32f4xx_adc.o(.text)
    ADC_ITConfig                             0x08009e2d   Thumb Code    56  stm32f4xx_adc.o(.text)
    ADC_GetFlagStatus                        0x08009e65   Thumb Code    18  stm32f4xx_adc.o(.text)
    ADC_ClearFlag                            0x08009e77   Thumb Code     6  stm32f4xx_adc.o(.text)
    ADC_GetITStatus                          0x08009e7d   Thumb Code    38  stm32f4xx_adc.o(.text)
    ADC_ClearITPendingBit                    0x08009ea3   Thumb Code    10  stm32f4xx_adc.o(.text)
    DMA_DeInit                               0x08009ead   Thumb Code   324  stm32f4xx_dma.o(.text)
    DMA_Init                                 0x08009ff1   Thumb Code    82  stm32f4xx_dma.o(.text)
    DMA_StructInit                           0x0800a043   Thumb Code    34  stm32f4xx_dma.o(.text)
    DMA_Cmd                                  0x0800a065   Thumb Code    22  stm32f4xx_dma.o(.text)
    DMA_PeriphIncOffsetSizeConfig            0x0800a07b   Thumb Code    22  stm32f4xx_dma.o(.text)
    DMA_FlowControllerConfig                 0x0800a091   Thumb Code    22  stm32f4xx_dma.o(.text)
    DMA_SetCurrDataCounter                   0x0800a0a7   Thumb Code     4  stm32f4xx_dma.o(.text)
    DMA_GetCurrDataCounter                   0x0800a0ab   Thumb Code     8  stm32f4xx_dma.o(.text)
    DMA_DoubleBufferModeConfig               0x0800a0b3   Thumb Code    24  stm32f4xx_dma.o(.text)
    DMA_DoubleBufferModeCmd                  0x0800a0cb   Thumb Code    22  stm32f4xx_dma.o(.text)
    DMA_MemoryTargetConfig                   0x0800a0e1   Thumb Code    10  stm32f4xx_dma.o(.text)
    DMA_GetCurrentMemoryTarget               0x0800a0eb   Thumb Code    20  stm32f4xx_dma.o(.text)
    DMA_GetCmdStatus                         0x0800a0ff   Thumb Code    20  stm32f4xx_dma.o(.text)
    DMA_GetFIFOStatus                        0x0800a113   Thumb Code    12  stm32f4xx_dma.o(.text)
    DMA_GetFlagStatus                        0x0800a11f   Thumb Code    56  stm32f4xx_dma.o(.text)
    DMA_ClearFlag                            0x0800a157   Thumb Code    40  stm32f4xx_dma.o(.text)
    DMA_ITConfig                             0x0800a17f   Thumb Code    58  stm32f4xx_dma.o(.text)
    DMA_GetITStatus                          0x0800a1b9   Thumb Code    84  stm32f4xx_dma.o(.text)
    DMA_ClearITPendingBit                    0x0800a20d   Thumb Code    40  stm32f4xx_dma.o(.text)
    PWR_DeInit                               0x0800a255   Thumb Code    22  stm32f4xx_pwr.o(.text)
    PWR_BackupAccessCmd                      0x0800a26b   Thumb Code     6  stm32f4xx_pwr.o(.text)
    PWR_PVDLevelConfig                       0x0800a271   Thumb Code    18  stm32f4xx_pwr.o(.text)
    PWR_PVDCmd                               0x0800a283   Thumb Code     6  stm32f4xx_pwr.o(.text)
    PWR_WakeUpPinCmd                         0x0800a289   Thumb Code     8  stm32f4xx_pwr.o(.text)
    PWR_BackupRegulatorCmd                   0x0800a291   Thumb Code     8  stm32f4xx_pwr.o(.text)
    PWR_MainRegulatorModeConfig              0x0800a299   Thumb Code    18  stm32f4xx_pwr.o(.text)
    PWR_OverDriveCmd                         0x0800a2ab   Thumb Code     6  stm32f4xx_pwr.o(.text)
    PWR_OverDriveSWCmd                       0x0800a2b1   Thumb Code     6  stm32f4xx_pwr.o(.text)
    PWR_UnderDriveCmd                        0x0800a2b7   Thumb Code    30  stm32f4xx_pwr.o(.text)
    PWR_MainRegulatorLowVoltageCmd           0x0800a2d5   Thumb Code    18  stm32f4xx_pwr.o(.text)
    PWR_LowRegulatorLowVoltageCmd            0x0800a2e7   Thumb Code    18  stm32f4xx_pwr.o(.text)
    PWR_FlashPowerDownCmd                    0x0800a2f9   Thumb Code     6  stm32f4xx_pwr.o(.text)
    PWR_EnterSTOPMode                        0x0800a2ff   Thumb Code    58  stm32f4xx_pwr.o(.text)
    PWR_EnterUnderDriveSTOPMode              0x0800a339   Thumb Code    58  stm32f4xx_pwr.o(.text)
    PWR_EnterSTANDBYMode                     0x0800a373   Thumb Code    32  stm32f4xx_pwr.o(.text)
    PWR_GetFlagStatus                        0x0800a393   Thumb Code    20  stm32f4xx_pwr.o(.text)
    PWR_ClearFlag                            0x0800a3a7   Thumb Code    14  stm32f4xx_pwr.o(.text)
    RTC_WaitForSynchro                       0x0800a3c1   Thumb Code    92  stm32f4xx_rtc.o(.text)
    RTC_EnterInitMode                        0x0800a41d   Thumb Code    84  stm32f4xx_rtc.o(.text)
    RTC_DeInit                               0x0800a471   Thumb Code   204  stm32f4xx_rtc.o(.text)
    RTC_ExitInitMode                         0x0800a53d   Thumb Code    18  stm32f4xx_rtc.o(.text)
    RTC_Init                                 0x0800a54f   Thumb Code    94  stm32f4xx_rtc.o(.text)
    RTC_StructInit                           0x0800a5ad   Thumb Code    14  stm32f4xx_rtc.o(.text)
    RTC_WriteProtectionCmd                   0x0800a5bb   Thumb Code    22  stm32f4xx_rtc.o(.text)
    RTC_RefClockCmd                          0x0800a5d1   Thumb Code    76  stm32f4xx_rtc.o(.text)
    RTC_BypassShadowCmd                      0x0800a61d   Thumb Code    54  stm32f4xx_rtc.o(.text)
    RTC_SetTime                              0x0800a685   Thumb Code   200  stm32f4xx_rtc.o(.text)
    RTC_TimeStructInit                       0x0800a74d   Thumb Code    12  stm32f4xx_rtc.o(.text)
    RTC_GetTime                              0x0800a759   Thumb Code    74  stm32f4xx_rtc.o(.text)
    RTC_GetSubSecond                         0x0800a7a3   Thumb Code    30  stm32f4xx_rtc.o(.text)
    RTC_SetDate                              0x0800a7c1   Thumb Code   190  stm32f4xx_rtc.o(.text)
    RTC_DateStructInit                       0x0800a87f   Thumb Code    14  stm32f4xx_rtc.o(.text)
    RTC_GetDate                              0x0800a88d   Thumb Code    70  stm32f4xx_rtc.o(.text)
    RTC_SetAlarm                             0x0800a8d3   Thumb Code   230  stm32f4xx_rtc.o(.text)
    RTC_AlarmStructInit                      0x0800a9b9   Thumb Code    22  stm32f4xx_rtc.o(.text)
    RTC_GetAlarm                             0x0800a9cf   Thumb Code   114  stm32f4xx_rtc.o(.text)
    RTC_AlarmCmd                             0x0800aa41   Thumb Code   112  stm32f4xx_rtc.o(.text)
    RTC_AlarmSubSecondConfig                 0x0800aab1   Thumb Code    46  stm32f4xx_rtc.o(.text)
    RTC_GetAlarmSubSecond                    0x0800aadf   Thumb Code    34  stm32f4xx_rtc.o(.text)
    RTC_WakeUpClockConfig                    0x0800ab01   Thumb Code    42  stm32f4xx_rtc.o(.text)
    RTC_SetWakeUpCounter                     0x0800ab2b   Thumb Code    22  stm32f4xx_rtc.o(.text)
    RTC_GetWakeUpCounter                     0x0800ab41   Thumb Code    10  stm32f4xx_rtc.o(.text)
    RTC_WakeUpCmd                            0x0800ab4b   Thumb Code   116  stm32f4xx_rtc.o(.text)
    RTC_DayLightSavingConfig                 0x0800abbf   Thumb Code    50  stm32f4xx_rtc.o(.text)
    RTC_GetStoreOperation                    0x0800abf1   Thumb Code    12  stm32f4xx_rtc.o(.text)
    RTC_OutputConfig                         0x0800abfd   Thumb Code    60  stm32f4xx_rtc.o(.text)
    RTC_CoarseCalibConfig                    0x0800ac39   Thumb Code    52  stm32f4xx_rtc.o(.text)
    RTC_CoarseCalibCmd                       0x0800ac6d   Thumb Code    76  stm32f4xx_rtc.o(.text)
    RTC_CalibOutputCmd                       0x0800acb9   Thumb Code    54  stm32f4xx_rtc.o(.text)
    RTC_CalibOutputConfig                    0x0800acef   Thumb Code    42  stm32f4xx_rtc.o(.text)
    RTC_SmoothCalibConfig                    0x0800ad19   Thumb Code    90  stm32f4xx_rtc.o(.text)
    RTC_TimeStampCmd                         0x0800ad73   Thumb Code    54  stm32f4xx_rtc.o(.text)
    RTC_GetTimeStamp                         0x0800ada9   Thumb Code   144  stm32f4xx_rtc.o(.text)
    RTC_GetTimeStampSubSecond                0x0800ae39   Thumb Code     8  stm32f4xx_rtc.o(.text)
    RTC_TamperTriggerConfig                  0x0800ae41   Thumb Code    38  stm32f4xx_rtc.o(.text)
    RTC_TamperCmd                            0x0800ae67   Thumb Code    34  stm32f4xx_rtc.o(.text)
    RTC_TamperFilterConfig                   0x0800ae89   Thumb Code    26  stm32f4xx_rtc.o(.text)
    RTC_TamperSamplingFreqConfig             0x0800aea3   Thumb Code    26  stm32f4xx_rtc.o(.text)
    RTC_TamperPinsPrechargeDuration          0x0800aebd   Thumb Code    26  stm32f4xx_rtc.o(.text)
    RTC_TimeStampOnTamperDetectionCmd        0x0800aed7   Thumb Code    38  stm32f4xx_rtc.o(.text)
    RTC_TamperPullUpCmd                      0x0800aefd   Thumb Code    38  stm32f4xx_rtc.o(.text)
    RTC_WriteBackupRegister                  0x0800af23   Thumb Code    26  stm32f4xx_rtc.o(.text)
    RTC_ReadBackupRegister                   0x0800af3d   Thumb Code    28  stm32f4xx_rtc.o(.text)
    RTC_TamperPinSelection                   0x0800af59   Thumb Code    26  stm32f4xx_rtc.o(.text)
    RTC_TimeStampPinSelection                0x0800af73   Thumb Code    26  stm32f4xx_rtc.o(.text)
    RTC_OutputTypeConfig                     0x0800af8d   Thumb Code    26  stm32f4xx_rtc.o(.text)
    RTC_SynchroShiftConfig                   0x0800afa7   Thumb Code   130  stm32f4xx_rtc.o(.text)
    RTC_ITConfig                             0x0800b029   Thumb Code    94  stm32f4xx_rtc.o(.text)
    RTC_GetFlagStatus                        0x0800b087   Thumb Code    34  stm32f4xx_rtc.o(.text)
    RTC_ClearFlag                            0x0800b0a9   Thumb Code    28  stm32f4xx_rtc.o(.text)
    RTC_GetITStatus                          0x0800b0c5   Thumb Code    60  stm32f4xx_rtc.o(.text)
    RTC_ClearITPendingBit                    0x0800b101   Thumb Code    32  stm32f4xx_rtc.o(.text)
    DAC_DeInit                               0x0800b129   Thumb Code    22  stm32f4xx_dac.o(.text)
    DAC_Init                                 0x0800b13f   Thumb Code    46  stm32f4xx_dac.o(.text)
    DAC_StructInit                           0x0800b16d   Thumb Code    12  stm32f4xx_dac.o(.text)
    DAC_Cmd                                  0x0800b179   Thumb Code    34  stm32f4xx_dac.o(.text)
    DAC_SoftwareTriggerCmd                   0x0800b19b   Thumb Code    48  stm32f4xx_dac.o(.text)
    DAC_DualSoftwareTriggerCmd               0x0800b1cb   Thumb Code    38  stm32f4xx_dac.o(.text)
    DAC_WaveGenerationCmd                    0x0800b1f1   Thumb Code    36  stm32f4xx_dac.o(.text)
    DAC_SetChannel1Data                      0x0800b215   Thumb Code    26  stm32f4xx_dac.o(.text)
    DAC_SetChannel2Data                      0x0800b22f   Thumb Code    26  stm32f4xx_dac.o(.text)
    DAC_SetDualChannelData                   0x0800b249   Thumb Code    32  stm32f4xx_dac.o(.text)
    DAC_GetDataOutputValue                   0x0800b269   Thumb Code    32  stm32f4xx_dac.o(.text)
    DAC_DMACmd                               0x0800b289   Thumb Code    38  stm32f4xx_dac.o(.text)
    DAC_ITConfig                             0x0800b2af   Thumb Code    36  stm32f4xx_dac.o(.text)
    DAC_GetFlagStatus                        0x0800b2d3   Thumb Code    28  stm32f4xx_dac.o(.text)
    DAC_ClearFlag                            0x0800b2ef   Thumb Code    12  stm32f4xx_dac.o(.text)
    DAC_GetITStatus                          0x0800b2fb   Thumb Code    44  stm32f4xx_dac.o(.text)
    DAC_ClearITPendingBit                    0x0800b327   Thumb Code    12  stm32f4xx_dac.o(.text)
    EXTI_DeInit                              0x0800b339   Thumb Code    28  stm32f4xx_exti.o(.text)
    EXTI_Init                                0x0800b355   Thumb Code   142  stm32f4xx_exti.o(.text)
    EXTI_StructInit                          0x0800b3e3   Thumb Code    16  stm32f4xx_exti.o(.text)
    EXTI_GenerateSWInterrupt                 0x0800b3f3   Thumb Code    16  stm32f4xx_exti.o(.text)
    EXTI_GetFlagStatus                       0x0800b403   Thumb Code    22  stm32f4xx_exti.o(.text)
    EXTI_ClearFlag                           0x0800b419   Thumb Code     8  stm32f4xx_exti.o(.text)
    EXTI_GetITStatus                         0x0800b421   Thumb Code    22  stm32f4xx_exti.o(.text)
    EXTI_ClearITPendingBit                   0x0800b437   Thumb Code     8  stm32f4xx_exti.o(.text)
    FSMC_NORSRAMDeInit                       0x0800b449   Thumb Code    54  stm32f4xx_fsmc.o(.text)
    FSMC_NORSRAMInit                         0x0800b47f   Thumb Code   230  stm32f4xx_fsmc.o(.text)
    FSMC_NORSRAMStructInit                   0x0800b565   Thumb Code    48  stm32f4xx_fsmc.o(.text)
    FSMC_NORSRAMCmd                          0x0800b595   Thumb Code    46  stm32f4xx_fsmc.o(.text)
    FSMC_NANDDeInit                          0x0800b5c3   Thumb Code    62  stm32f4xx_fsmc.o(.text)
    FSMC_NANDInit                            0x0800b601   Thumb Code   132  stm32f4xx_fsmc.o(.text)
    FSMC_NANDStructInit                      0x0800b685   Thumb Code    54  stm32f4xx_fsmc.o(.text)
    FSMC_NANDCmd                             0x0800b6bb   Thumb Code    86  stm32f4xx_fsmc.o(.text)
    FSMC_NANDECCCmd                          0x0800b711   Thumb Code    86  stm32f4xx_fsmc.o(.text)
    FSMC_GetECC                              0x0800b767   Thumb Code    24  stm32f4xx_fsmc.o(.text)
    FSMC_PCCARDDeInit                        0x0800b77f   Thumb Code    36  stm32f4xx_fsmc.o(.text)
    FSMC_PCCARDInit                          0x0800b7a3   Thumb Code   130  stm32f4xx_fsmc.o(.text)
    FSMC_PCCARDStructInit                    0x0800b825   Thumb Code    60  stm32f4xx_fsmc.o(.text)
    FSMC_PCCARDCmd                           0x0800b861   Thumb Code    44  stm32f4xx_fsmc.o(.text)
    FSMC_ITConfig                            0x0800b88d   Thumb Code   128  stm32f4xx_fsmc.o(.text)
    FSMC_GetFlagStatus                       0x0800b90d   Thumb Code    54  stm32f4xx_fsmc.o(.text)
    FSMC_ClearFlag                           0x0800b943   Thumb Code    74  stm32f4xx_fsmc.o(.text)
    FSMC_GetITStatus                         0x0800b98d   Thumb Code    62  stm32f4xx_fsmc.o(.text)
    FSMC_ClearITPendingBit                   0x0800b9cb   Thumb Code    66  stm32f4xx_fsmc.o(.text)
    OS_TaskStatStkChk                        0x0800ba11   Thumb Code    54  os_core.o(.text)
    OS_TaskStat                              0x0800ba47   Thumb Code   116  os_core.o(.text)
    OS_TaskIdle                              0x0800baef   Thumb Code    34  os_core.o(.text)
    OS_MemClr                                0x0800bb45   Thumb Code    18  os_core.o(.text)
    OSInit                                   0x0800bc63   Thumb Code    44  os_core.o(.text)
    OSIntEnter                               0x0800bc8f   Thumb Code    28  os_core.o(.text)
    OSIntExit                                0x0800bcc5   Thumb Code   112  os_core.o(.text)
    OSSchedLock                              0x0800bd35   Thumb Code    50  os_core.o(.text)
    OS_Sched                                 0x0800bd67   Thumb Code    88  os_core.o(.text)
    OSSchedUnlock                            0x0800bdbf   Thumb Code   238  os_core.o(.text)
    OSStart                                  0x0800bead   Thumb Code    48  os_core.o(.text)
    OSStatInit                               0x0800bedd   Thumb Code    62  os_core.o(.text)
    OSTimeTick                               0x0800bf1b   Thumb Code   210  os_core.o(.text)
    OSVersion                                0x0800bfed   Thumb Code     6  os_core.o(.text)
    OS_Dummy                                 0x0800bff3   Thumb Code     2  os_core.o(.text)
    OS_EventTaskRemove                       0x0800bff5   Thumb Code    42  os_core.o(.text)
    OS_EventTaskRdy                          0x0800c01f   Thumb Code   114  os_core.o(.text)
    OS_EventTaskWait                         0x0800c091   Thumb Code   112  os_core.o(.text)
    OS_EventWaitListInit                     0x0800c101   Thumb Code    28  os_core.o(.text)
    OS_MemCopy                               0x0800c11d   Thumb Code    20  os_core.o(.text)
    OS_StrLen                                0x0800c131   Thumb Code    20  os_core.o(.text)
    OS_TCBInit                               0x0800c145   Thumb Code   280  os_core.o(.text)
    OSFlagAccept                             0x0800c2a1   Thumb Code   252  os_flag.o(.text)
    OSFlagCreate                             0x0800c39d   Thumb Code    86  os_flag.o(.text)
    OS_FlagUnlink                            0x0800c3f3   Thumb Code    36  os_flag.o(.text)
    OSFlagDel                                0x0800c469   Thumb Code   214  os_flag.o(.text)
    OSFlagNameGet                            0x0800c53f   Thumb Code    80  os_flag.o(.text)
    OSFlagNameSet                            0x0800c58f   Thumb Code    66  os_flag.o(.text)
    OSFlagPend                               0x0800c669   Thumb Code   614  os_flag.o(.text)
    OSFlagPendGetFlagsRdy                    0x0800c8cf   Thumb Code    26  os_flag.o(.text)
    OSFlagPost                               0x0800c8e9   Thumb Code   312  os_flag.o(.text)
    OSFlagQuery                              0x0800ca21   Thumb Code    48  os_flag.o(.text)
    OS_FlagInit                              0x0800ca51   Thumb Code    78  os_flag.o(.text)
    OSMutexAccept                            0x0800caad   Thumb Code   136  os_mutex.o(.text)
    OSMutexCreate                            0x0800cb35   Thumb Code   134  os_mutex.o(.text)
    OSMutexDel                               0x0800cc2d   Thumb Code   266  os_mutex.o(.text)
    OSMutexPend                              0x0800cd37   Thumb Code   580  os_mutex.o(.text)
    OSMutexPost                              0x0800cf7b   Thumb Code   186  os_mutex.o(.text)
    OSMutexQuery                             0x0800d035   Thumb Code   106  os_mutex.o(.text)
    OSQAccept                                0x0800d0ad   Thumb Code    88  os_q.o(.text)
    OSQCreate                                0x0800d105   Thumb Code   140  os_q.o(.text)
    OSQDel                                   0x0800d191   Thumb Code   236  os_q.o(.text)
    OSQFlush                                 0x0800d27d   Thumb Code    36  os_q.o(.text)
    OSQPend                                  0x0800d2a1   Thumb Code   272  os_q.o(.text)
    OSQPendAbort                             0x0800d3b1   Thumb Code   128  os_q.o(.text)
    OSQPost                                  0x0800d431   Thumb Code   114  os_q.o(.text)
    OSQPostFront                             0x0800d4a3   Thumb Code   136  os_q.o(.text)
    OSQPostOpt                               0x0800d52b   Thumb Code   182  os_q.o(.text)
    OSQQuery                                 0x0800d5e1   Thumb Code    98  os_q.o(.text)
    OS_QInit                                 0x0800d643   Thumb Code    72  os_q.o(.text)
    OSSemAccept                              0x0800d695   Thumb Code    42  os_sem.o(.text)
    OSSemCreate                              0x0800d6bf   Thumb Code    68  os_sem.o(.text)
    OSSemDel                                 0x0800d703   Thumb Code   200  os_sem.o(.text)
    OSSemPend                                0x0800d7cb   Thumb Code   222  os_sem.o(.text)
    OSSemPendAbort                           0x0800d8a9   Thumb Code   128  os_sem.o(.text)
    OSSemPost                                0x0800d929   Thumb Code    88  os_sem.o(.text)
    OSSemQuery                               0x0800d981   Thumb Code    76  os_sem.o(.text)
    OSSemSet                                 0x0800d9cd   Thumb Code    66  os_sem.o(.text)
    OSTaskChangePrio                         0x0800da21   Thumb Code   308  os_task.o(.text)
    OSTaskCreate                             0x0800db55   Thumb Code   148  os_task.o(.text)
    OS_TaskStkClr                            0x0800dbe9   Thumb Code    26  os_task.o(.text)
    OSTaskCreateExt                          0x0800dc03   Thumb Code   170  os_task.o(.text)
    OSTaskDel                                0x0800dcad   Thumb Code   294  os_task.o(.text)
    OSTaskDelReq                             0x0800ddd3   Thumb Code   144  os_task.o(.text)
    OSTaskNameGet                            0x0800de63   Thumb Code   114  os_task.o(.text)
    OSTaskNameSet                            0x0800ded5   Thumb Code    98  os_task.o(.text)
    OSTaskResume                             0x0800df37   Thumb Code   154  os_task.o(.text)
    OSTaskStkChk                             0x0800dfd1   Thumb Code   132  os_task.o(.text)
    OSTaskSuspend                            0x0800e055   Thumb Code   152  os_task.o(.text)
    OSTaskQuery                              0x0800e0ed   Thumb Code    82  os_task.o(.text)
    OSTaskRegGet                             0x0800e13f   Thumb Code    60  os_task.o(.text)
    OSTaskRegSet                             0x0800e17b   Thumb Code    62  os_task.o(.text)
    OS_TaskReturn                            0x0800e1b9   Thumb Code    18  os_task.o(.text)
    OSTimeDly                                0x0800e1e5   Thumb Code   100  os_time.o(.text)
    OSTimeDlyHMSM                            0x0800e249   Thumb Code    86  os_time.o(.text)
    OSTimeDlyResume                          0x0800e29f   Thumb Code   168  os_time.o(.text)
    OSTimeGet                                0x0800e347   Thumb Code    24  os_time.o(.text)
    OSTimeSet                                0x0800e35f   Thumb Code    24  os_time.o(.text)
    OSInitHookBegin                          0x0800e395   Thumb Code     2  os_cpu_c.o(.text)
    OSInitHookEnd                            0x0800e397   Thumb Code     2  os_cpu_c.o(.text)
    OSTaskCreateHook                         0x0800e399   Thumb Code     2  os_cpu_c.o(.text)
    OSTaskDelHook                            0x0800e39b   Thumb Code     2  os_cpu_c.o(.text)
    OSTaskIdleHook                           0x0800e39d   Thumb Code     2  os_cpu_c.o(.text)
    OSTaskStatHook                           0x0800e39f   Thumb Code     2  os_cpu_c.o(.text)
    OSTaskStkInit                            0x0800e3a1   Thumb Code   426  os_cpu_c.o(.text)
    OSTaskSwHook                             0x0800e54b   Thumb Code     2  os_cpu_c.o(.text)
    OSTCBInitHook                            0x0800e54d   Thumb Code     2  os_cpu_c.o(.text)
    OSTimeTickHook                           0x0800e54f   Thumb Code     2  os_cpu_c.o(.text)
    OSTaskReturnHook                         0x0800e551   Thumb Code     2  os_cpu_c.o(.text)
    OS_CPU_SR_Save                           0x0800e559   Thumb Code     0  os_cpu_a.o(.text)
    OS_CPU_SR_Restore                        0x0800e561   Thumb Code     0  os_cpu_a.o(.text)
    OSStartHighRdy                           0x0800e567   Thumb Code     0  os_cpu_a.o(.text)
    OSCtxSw                                  0x0800e58b   Thumb Code     0  os_cpu_a.o(.text)
    OSIntCtxSw                               0x0800e599   Thumb Code     0  os_cpu_a.o(.text)
    PendSV_Handler                           0x0800e5a9   Thumb Code     0  os_cpu_a.o(.text)
    __use_no_semihosting                     0x0800e621   Thumb Code     2  use_no_semi_2.o(.text)
    __2printf                                0x0800e625   Thumb Code    20  noretval__2printf.o(.text)
    __2sprintf                               0x0800e63d   Thumb Code    34  noretval__2sprintf.o(.text)
    _printf_pre_padding                      0x0800e665   Thumb Code    44  _printf_pad.o(.text)
    _printf_post_padding                     0x0800e691   Thumb Code    34  _printf_pad.o(.text)
    _printf_str                              0x0800e6b3   Thumb Code    82  _printf_str.o(.text)
    _printf_int_dec                          0x0800e705   Thumb Code   104  _printf_dec.o(.text)
    _printf_int_hex                          0x0800e77d   Thumb Code    84  _printf_hex_int.o(.text)
    _printf_longlong_hex                     0x0800e77d   Thumb Code     0  _printf_hex_int.o(.text)
    __printf                                 0x0800e7d5   Thumb Code   308  __printf_flags_wp.o(.text)
    __0sscanf                                0x0800e90d   Thumb Code    52  __0sscanf.o(.text)
    _scanf_int                               0x0800e949   Thumb Code   332  _scanf_int.o(.text)
    strchr                                   0x0800ea95   Thumb Code    20  strchr.o(.text)
    strpbrk                                  0x0800eaa9   Thumb Code    30  strpbrk.o(.text)
    strstr                                   0x0800eac7   Thumb Code    36  strstr.o(.text)
    strcpy                                   0x0800eaeb   Thumb Code    72  strcpy.o(.text)
    strlen                                   0x0800eb33   Thumb Code    62  strlen.o(.text)
    __aeabi_memcpy4                          0x0800eb71   Thumb Code     0  rt_memcpy_w.o(.text)
    __aeabi_memcpy8                          0x0800eb71   Thumb Code     0  rt_memcpy_w.o(.text)
    __rt_memcpy_w                            0x0800eb71   Thumb Code   100  rt_memcpy_w.o(.text)
    _memcpy_lastbytes_aligned                0x0800ebb9   Thumb Code     0  rt_memcpy_w.o(.text)
    __aeabi_memclr4                          0x0800ebd5   Thumb Code     0  rt_memclr_w.o(.text)
    __aeabi_memclr8                          0x0800ebd5   Thumb Code     0  rt_memclr_w.o(.text)
    __rt_memclr_w                            0x0800ebd5   Thumb Code    78  rt_memclr_w.o(.text)
    _memset_w                                0x0800ebd9   Thumb Code     0  rt_memclr_w.o(.text)
    strncpy                                  0x0800ec23   Thumb Code    86  strncpy.o(.text)
    __use_two_region_memory                  0x0800ec79   Thumb Code     2  heapauxi.o(.text)
    __rt_heap_escrow$2region                 0x0800ec7b   Thumb Code     2  heapauxi.o(.text)
    __rt_heap_expand$2region                 0x0800ec7d   Thumb Code     2  heapauxi.o(.text)
    __I$use$semihosting                      0x0800ec7f   Thumb Code     0  use_no_semi.o(.text)
    __use_no_semihosting_swi                 0x0800ec7f   Thumb Code     2  use_no_semi.o(.text)
    _printf_int_common                       0x0800ec81   Thumb Code   178  _printf_intcommon.o(.text)
    _printf_char_common                      0x0800ed3f   Thumb Code    32  _printf_char_common.o(.text)
    _sputc                                   0x0800ed65   Thumb Code    10  _sputc.o(.text)
    _printf_cs_common                        0x0800ed6f   Thumb Code    20  _printf_char.o(.text)
    _printf_char                             0x0800ed83   Thumb Code    16  _printf_char.o(.text)
    _printf_string                           0x0800ed93   Thumb Code     8  _printf_char.o(.text)
    _printf_char_file                        0x0800ed9d   Thumb Code    32  _printf_char_file.o(.text)
    _chval                                   0x0800edc1   Thumb Code    28  _chval.o(.text)
    __vfscanf_char                           0x0800ede9   Thumb Code    24  scanf_char.o(.text)
    _sgetc                                   0x0800ee09   Thumb Code    30  _sgetc.o(.text)
    _sbackspace                              0x0800ee27   Thumb Code    34  _sgetc.o(.text)
    __aeabi_memclr                           0x0800ee49   Thumb Code     0  rt_memclr.o(.text)
    __rt_memclr                              0x0800ee49   Thumb Code    68  rt_memclr.o(.text)
    _memset                                  0x0800ee4d   Thumb Code     0  rt_memclr.o(.text)
    isspace                                  0x0800ee8d   Thumb Code    18  isspace.o(.text)
    __vfscanf                                0x0800eea1   Thumb Code   880  _scanf.o(.text)
    ferror                                   0x0800f215   Thumb Code     8  ferror.o(.text)
    __user_setup_stackheap                   0x0800f21d   Thumb Code    74  sys_stackheap_outer.o(.text)
    __rt_ctype_table                         0x0800f269   Thumb Code    16  rt_ctype_table.o(.text)
    exit                                     0x0800f279   Thumb Code    18  exit.o(.text)
    __user_libspace                          0x0800f28d   Thumb Code     8  libspace.o(.text)
    __user_perproc_libspace                  0x0800f28d   Thumb Code     0  libspace.o(.text)
    __user_perthread_libspace                0x0800f28d   Thumb Code     0  libspace.o(.text)
    __rt_locale                              0x0800f295   Thumb Code     8  rt_locale_intlibspace.o(.text)
    strcmp                                   0x0800f29d   Thumb Code   128  strcmpv7m.o(.text)
    _is_digit                                0x0800f31d   Thumb Code    14  __printf_wp.o(i._is_digit)
    _get_lc_ctype                            0x0800f32d   Thumb Code    44  lc_ctype_c.o(locale$$code)
    __aeabi_ddiv                             0x0800f359   Thumb Code     0  ddiv.o(x$fpl$ddiv)
    _ddiv                                    0x0800f359   Thumb Code   552  ddiv.o(x$fpl$ddiv)
    __aeabi_d2uiz                            0x0800f609   Thumb Code     0  dfixu.o(x$fpl$dfixu)
    _dfixu                                   0x0800f609   Thumb Code    90  dfixu.o(x$fpl$dfixu)
    __aeabi_ui2d                             0x0800f663   Thumb Code     0  dflt_clz.o(x$fpl$dfltu)
    _dfltu                                   0x0800f663   Thumb Code    38  dflt_clz.o(x$fpl$dfltu)
    __aeabi_dmul                             0x0800f689   Thumb Code     0  dmul.o(x$fpl$dmul)
    _dmul                                    0x0800f689   Thumb Code   332  dmul.o(x$fpl$dmul)
    __fpl_dnaninf                            0x0800f7dd   Thumb Code   156  dnaninf.o(x$fpl$dnaninf)
    __fpl_dretinf                            0x0800f879   Thumb Code    12  dretinf.o(x$fpl$dretinf)
    _fp_init                                 0x0800f885   Thumb Code    10  fpinit.o(x$fpl$fpinit)
    __fplib_config_fpu_vfp                   0x0800f88d   Thumb Code     0  fpinit.o(x$fpl$fpinit)
    __fplib_config_pureend_doubles           0x0800f88d   Thumb Code     0  fpinit.o(x$fpl$fpinit)
    __I$use$fp                               0x0800f88e   Number         0  usenofp.o(x$fpl$usenofp)
    asc2_1206                                0x0800f8b0   Data        1140  lcd.o(.constdata)
    asc2_1608                                0x0800fd24   Data        1520  lcd.o(.constdata)
    asc2_2412                                0x08010314   Data        3420  lcd.o(.constdata)
    FSMC_DefaultTimingStruct                 0x08011070   Data          28  stm32f4xx_fsmc.o(.constdata)
    OSUnMapTbl                               0x0801108c   Data         256  os_core.o(.constdata)
    Region$$Table$$Base                      0x08011240   Number         0  anon$$obj.o(Region$$Table)
    Region$$Table$$Limit                     0x08011260   Number         0  anon$$obj.o(Region$$Table)
    __ctype                                  0x0801126d   Data           0  lc_ctype_c.o(locale$$data)
    UI_Buffer                                0x20000000   Data           4  main.o(.data)
    UI_Queue                                 0x20000004   Data           4  main.o(.data)
    COM_Queue                                0x20000008   Data           4  main.o(.data)
    Key_Sem                                  0x2000000c   Data           4  main.o(.data)
    Config_Mutex                             0x20000010   Data           4  main.o(.data)
    UI_Mode                                  0x20000014   Data           1  main.o(.data)
    g_Led1_Cmd                               0x20000015   Data           1  main.o(.data)
    Menu_State                               0x20000016   Data           1  main.o(.data)
    Menu_Cursor                              0x20000017   Data           1  main.o(.data)
    History_Count                            0x20000018   Data           1  main.o(.data)
    History_Head                             0x20000019   Data           1  main.o(.data)
    Log_Count                                0x2000001a   Data           1  main.o(.data)
    Log_Head                                 0x2000001b   Data           1  main.o(.data)
    SystemCoreClock                          0x2000002c   Data           4  system_stm32f4xx.o(.data)
    AHBPrescTable                            0x20000030   Data          16  system_stm32f4xx.o(.data)
    POINT_COLOR                              0x20000042   Data           2  lcd.o(.data)
    BACK_COLOR                               0x20000044   Data           2  lcd.o(.data)
    NVIC_InitStructure                       0x20000046   Data           4  rtc.o(.data)
    Last_Key                                 0x2000004a   Data           1  exti.o(.data)
    __stdout                                 0x20000050   Data           4  usart.o(.data)
    USART_RX_FLAG                            0x20000054   Data           1  usart.o(.data)
    USART_RX_LEN                             0x20000056   Data           2  usart.o(.data)
    OSCtxSwCtr                               0x20000068   Data           4  os_core.o(.data)
    OSEventFreeList                          0x2000006c   Data           4  os_core.o(.data)
    OSFlagFreeList                           0x20000070   Data           4  os_core.o(.data)
    OSCPUUsage                               0x20000074   Data           1  os_core.o(.data)
    OSIdleCtrMax                             0x20000078   Data           4  os_core.o(.data)
    OSIdleCtrRun                             0x2000007c   Data           4  os_core.o(.data)
    OSStatRdy                                0x20000080   Data           1  os_core.o(.data)
    OSIntNesting                             0x20000081   Data           1  os_core.o(.data)
    OSLockNesting                            0x20000082   Data           1  os_core.o(.data)
    OSPrioCur                                0x20000083   Data           1  os_core.o(.data)
    OSPrioHighRdy                            0x20000084   Data           1  os_core.o(.data)
    OSRdyGrp                                 0x20000085   Data           1  os_core.o(.data)
    OSRdyTbl                                 0x20000086   Data           8  os_core.o(.data)
    OSRunning                                0x2000008e   Data           1  os_core.o(.data)
    OSTaskCtr                                0x2000008f   Data           1  os_core.o(.data)
    OSIdleCtr                                0x20000090   Data           4  os_core.o(.data)
    OSTCBCur                                 0x20000094   Data           4  os_core.o(.data)
    OSTCBFreeList                            0x20000098   Data           4  os_core.o(.data)
    OSTCBHighRdy                             0x2000009c   Data           4  os_core.o(.data)
    OSTCBList                                0x200000a0   Data           4  os_core.o(.data)
    OSTickStepState                          0x200000a4   Data           1  os_core.o(.data)
    OSQFreeList                              0x200000a8   Data           4  os_core.o(.data)
    OSTime                                   0x200000ac   Data           4  os_core.o(.data)
    START_TASK_STK                           0x200000b0   Data         512  main.o(.bss)
    CONTROL_TASK_STK                         0x200002b0   Data        1024  main.o(.bss)
    SENSOR_TASK_STK                          0x200006b0   Data        2048  main.o(.bss)
    COM_TASK_STK                             0x20000eb0   Data        2048  main.o(.bss)
    UI_TASK_STK                              0x200016b0   Data        3072  main.o(.bss)
    UI_Msg_Buf                               0x200022b0   Data          20  main.o(.bss)
    COM_Msg_Buf                              0x200022c4   Data          20  main.o(.bss)
    GlobalConfig                             0x200022d8   Data          12  main.o(.bss)
    Temp_History                             0x200022e4   Data         160  main.o(.bss)
    Light_History                            0x20002384   Data          80  main.o(.bss)
    Comm_Logs                                0x200023d4   Data        1600  main.o(.bss)
    lcddev                                   0x20003160   Data          14  lcd.o(.bss)
    USART_RX_BUF                             0x2000316e   Data         256  usart.o(.bss)
    OSEventTbl                               0x20003270   Data         200  os_core.o(.bss)
    OSFlagTbl                                0x20003338   Data          80  os_core.o(.bss)
    OSTaskStatStk                            0x20003388   Data         512  os_core.o(.bss)
    OSTaskIdleStk                            0x20003588   Data         512  os_core.o(.bss)
    OSTCBPrioTbl                             0x20003788   Data         256  os_core.o(.bss)
    OSTCBTbl                                 0x20003888   Data        1008  os_core.o(.bss)
    OSQTbl                                   0x20003c78   Data         120  os_core.o(.bss)
    __libspace_start                         0x20003cf0   Data          96  libspace.o(.bss)
    __temporary_stack_top$libspace           0x20003d50   Data           0  libspace.o(.bss)



==============================================================================

Memory Map of the image

  Image Entry point : 0x08000189

  Load Region LR_IROM1 (Base: 0x08000000, Size: 0x00011420, Max: 0x00100000, ABSOLUTE)

    Execution Region ER_IROM1 (Exec base: 0x08000000, Load base: 0x08000000, Size: 0x00011370, Max: 0x00100000, ABSOLUTE)

    Exec Addr    Load Addr    Size         Type   Attr      Idx    E Section Name        Object

    0x08000000   0x08000000   0x00000188   Data   RO          546    RESET               startup_stm32f40_41xxx.o
    0x08000188   0x08000188   0x00000008   Code   RO         1112  * !!!main             c_w.l(__main.o)
    0x08000190   0x08000190   0x00000034   Code   RO         1331    !!!scatter          c_w.l(__scatter.o)
    0x080001c4   0x080001c4   0x0000001a   Code   RO         1333    !!handler_copy      c_w.l(__scatter_copy.o)
    0x080001de   0x080001de   0x00000002   PAD
    0x080001e0   0x080001e0   0x0000001c   Code   RO         1335    !!handler_zi        c_w.l(__scatter_zi.o)
    0x080001fc   0x080001fc   0x00000000   Code   RO         1089    .ARM.Collect$$_printf_percent$$00000000  c_w.l(_printf_percent.o)
    0x080001fc   0x080001fc   0x00000006   Code   RO         1088    .ARM.Collect$$_printf_percent$$00000009  c_w.l(_printf_d.o)
    0x08000202   0x08000202   0x00000006   Code   RO         1087    .ARM.Collect$$_printf_percent$$0000000C  c_w.l(_printf_x.o)
    0x08000208   0x08000208   0x00000006   Code   RO         1086    .ARM.Collect$$_printf_percent$$00000014  c_w.l(_printf_s.o)
    0x0800020e   0x0800020e   0x00000004   Code   RO         1143    .ARM.Collect$$_printf_percent$$00000017  c_w.l(_printf_percent_end.o)
    0x08000212   0x08000212   0x00000002   Code   RO         1193    .ARM.Collect$$libinit$$00000000  c_w.l(libinit.o)
    0x08000214   0x08000214   0x00000004   Code   RO         1207    .ARM.Collect$$libinit$$00000001  c_w.l(libinit2.o)
    0x08000218   0x08000218   0x00000000   Code   RO         1210    .ARM.Collect$$libinit$$00000004  c_w.l(libinit2.o)
    0x08000218   0x08000218   0x00000000   Code   RO         1213    .ARM.Collect$$libinit$$0000000A  c_w.l(libinit2.o)
    0x08000218   0x08000218   0x00000000   Code   RO         1215    .ARM.Collect$$libinit$$0000000C  c_w.l(libinit2.o)
    0x08000218   0x08000218   0x00000000   Code   RO         1217    .ARM.Collect$$libinit$$0000000E  c_w.l(libinit2.o)
    0x08000218   0x08000218   0x00000006   Code   RO         1218    .ARM.Collect$$libinit$$0000000F  c_w.l(libinit2.o)
    0x0800021e   0x0800021e   0x00000000   Code   RO         1220    .ARM.Collect$$libinit$$00000011  c_w.l(libinit2.o)
    0x0800021e   0x0800021e   0x0000000c   Code   RO         1221    .ARM.Collect$$libinit$$00000012  c_w.l(libinit2.o)
    0x0800022a   0x0800022a   0x00000000   Code   RO         1222    .ARM.Collect$$libinit$$00000013  c_w.l(libinit2.o)
    0x0800022a   0x0800022a   0x00000000   Code   RO         1224    .ARM.Collect$$libinit$$00000015  c_w.l(libinit2.o)
    0x0800022a   0x0800022a   0x00000000   Code   RO         1226    .ARM.Collect$$libinit$$00000017  c_w.l(libinit2.o)
    0x0800022a   0x0800022a   0x00000000   Code   RO         1228    .ARM.Collect$$libinit$$00000019  c_w.l(libinit2.o)
    0x0800022a   0x0800022a   0x00000000   Code   RO         1230    .ARM.Collect$$libinit$$0000001B  c_w.l(libinit2.o)
    0x0800022a   0x0800022a   0x00000000   Code   RO         1232    .ARM.Collect$$libinit$$0000001D  c_w.l(libinit2.o)
    0x0800022a   0x0800022a   0x00000000   Code   RO         1234    .ARM.Collect$$libinit$$0000001F  c_w.l(libinit2.o)
    0x0800022a   0x0800022a   0x00000000   Code   RO         1236    .ARM.Collect$$libinit$$00000021  c_w.l(libinit2.o)
    0x0800022a   0x0800022a   0x00000000   Code   RO         1238    .ARM.Collect$$libinit$$00000023  c_w.l(libinit2.o)
    0x0800022a   0x0800022a   0x00000000   Code   RO         1240    .ARM.Collect$$libinit$$00000025  c_w.l(libinit2.o)
    0x0800022a   0x0800022a   0x00000000   Code   RO         1244    .ARM.Collect$$libinit$$0000002C  c_w.l(libinit2.o)
    0x0800022a   0x0800022a   0x00000000   Code   RO         1246    .ARM.Collect$$libinit$$0000002E  c_w.l(libinit2.o)
    0x0800022a   0x0800022a   0x00000000   Code   RO         1248    .ARM.Collect$$libinit$$00000030  c_w.l(libinit2.o)
    0x0800022a   0x0800022a   0x00000000   Code   RO         1250    .ARM.Collect$$libinit$$00000032  c_w.l(libinit2.o)
    0x0800022a   0x0800022a   0x00000002   Code   RO         1251    .ARM.Collect$$libinit$$00000033  c_w.l(libinit2.o)
    0x0800022c   0x0800022c   0x00000002   Code   RO         1271    .ARM.Collect$$libshutdown$$00000000  c_w.l(libshutdown.o)
    0x0800022e   0x0800022e   0x00000000   Code   RO         1281    .ARM.Collect$$libshutdown$$00000002  c_w.l(libshutdown2.o)
    0x0800022e   0x0800022e   0x00000000   Code   RO         1283    .ARM.Collect$$libshutdown$$00000004  c_w.l(libshutdown2.o)
    0x0800022e   0x0800022e   0x00000000   Code   RO         1285    .ARM.Collect$$libshutdown$$00000006  c_w.l(libshutdown2.o)
    0x0800022e   0x0800022e   0x00000000   Code   RO         1288    .ARM.Collect$$libshutdown$$00000009  c_w.l(libshutdown2.o)
    0x0800022e   0x0800022e   0x00000000   Code   RO         1291    .ARM.Collect$$libshutdown$$0000000C  c_w.l(libshutdown2.o)
    0x0800022e   0x0800022e   0x00000000   Code   RO         1293    .ARM.Collect$$libshutdown$$0000000E  c_w.l(libshutdown2.o)
    0x0800022e   0x0800022e   0x00000000   Code   RO         1296    .ARM.Collect$$libshutdown$$00000011  c_w.l(libshutdown2.o)
    0x0800022e   0x0800022e   0x00000002   Code   RO         1297    .ARM.Collect$$libshutdown$$00000012  c_w.l(libshutdown2.o)
    0x08000230   0x08000230   0x00000000   Code   RO         1132    .ARM.Collect$$rtentry$$00000000  c_w.l(__rtentry.o)
    0x08000230   0x08000230   0x00000000   Code   RO         1158    .ARM.Collect$$rtentry$$00000002  c_w.l(__rtentry2.o)
    0x08000230   0x08000230   0x00000006   Code   RO         1170    .ARM.Collect$$rtentry$$00000004  c_w.l(__rtentry4.o)
    0x08000236   0x08000236   0x00000000   Code   RO         1160    .ARM.Collect$$rtentry$$00000009  c_w.l(__rtentry2.o)
    0x08000236   0x08000236   0x00000004   Code   RO         1161    .ARM.Collect$$rtentry$$0000000A  c_w.l(__rtentry2.o)
    0x0800023a   0x0800023a   0x00000000   Code   RO         1163    .ARM.Collect$$rtentry$$0000000C  c_w.l(__rtentry2.o)
    0x0800023a   0x0800023a   0x00000008   Code   RO         1164    .ARM.Collect$$rtentry$$0000000D  c_w.l(__rtentry2.o)
    0x08000242   0x08000242   0x00000002   Code   RO         1197    .ARM.Collect$$rtexit$$00000000  c_w.l(rtexit.o)
    0x08000244   0x08000244   0x00000000   Code   RO         1253    .ARM.Collect$$rtexit$$00000002  c_w.l(rtexit2.o)
    0x08000244   0x08000244   0x00000004   Code   RO         1254    .ARM.Collect$$rtexit$$00000003  c_w.l(rtexit2.o)
    0x08000248   0x08000248   0x00000006   Code   RO         1255    .ARM.Collect$$rtexit$$00000004  c_w.l(rtexit2.o)
    0x0800024e   0x0800024e   0x00000002   PAD
    0x08000250   0x08000250   0x00002cdc   Code   RO            3    .text               main.o
    0x08002f2c   0x08002f2c   0x00000016   Code   RO          207    .text               stm32f4xx_it.o
    0x08002f42   0x08002f42   0x00000002   PAD
    0x08002f44   0x08002f44   0x00000210   Code   RO          256    .text               system_stm32f4xx.o
    0x08003154   0x08003154   0x0000004c   Code   RO          282    .text               led.o
    0x080031a0   0x080031a0   0x0000013c   Code   RO          302    .text               adc.o
    0x080032dc   0x080032dc   0x000000d4   Code   RO          322    .text               dac.o
    0x080033b0   0x080033b0   0x00000104   Code   RO          342    .text               key.o
    0x080034b4   0x080034b4   0x00004c80   Code   RO          363    .text               lcd.o
    0x08008134   0x08008134   0x000002a4   Code   RO          401    .text               rtc.o
    0x080083d8   0x080083d8   0x000002f8   Code   RO          424    .text               sram.o
    0x080086d0   0x080086d0   0x00000198   Code   RO          448    .text               exti.o
    0x08008868   0x08008868   0x00000128   Code   RO          475    .text               delay.o
    0x08008990   0x08008990   0x000001c0   Code   RO          515    .text               usart.o
    0x08008b50   0x08008b50   0x00000040   Code   RO          547    .text               startup_stm32f40_41xxx.o
    0x08008b90   0x08008b90   0x000000e0   Code   RO          553    .text               misc.o
    0x08008c70   0x08008c70   0x00000294   Code   RO          573    .text               stm32f4xx_gpio.o
    0x08008f04   0x08008f04   0x0000065c   Code   RO          593    .text               stm32f4xx_rcc.o
    0x08009560   0x08009560   0x00000094   Code   RO          615    .text               stm32f4xx_syscfg.o
    0x080095f4   0x080095f4   0x00000454   Code   RO          635    .text               stm32f4xx_usart.o
    0x08009a48   0x08009a48   0x00000464   Code   RO          655    .text               stm32f4xx_adc.o
    0x08009eac   0x08009eac   0x000003a8   Code   RO          675    .text               stm32f4xx_dma.o
    0x0800a254   0x0800a254   0x0000016c   Code   RO          695    .text               stm32f4xx_pwr.o
    0x0800a3c0   0x0800a3c0   0x00000d68   Code   RO          715    .text               stm32f4xx_rtc.o
    0x0800b128   0x0800b128   0x00000210   Code   RO          735    .text               stm32f4xx_dac.o
    0x0800b338   0x0800b338   0x00000110   Code   RO          755    .text               stm32f4xx_exti.o
    0x0800b448   0x0800b448   0x000005c8   Code   RO          775    .text               stm32f4xx_fsmc.o
    0x0800ba10   0x0800ba10   0x00000890   Code   RO          798    .text               os_core.o
    0x0800c2a0   0x0800c2a0   0x0000080c   Code   RO          826    .text               os_flag.o
    0x0800caac   0x0800caac   0x00000600   Code   RO          880    .text               os_mutex.o
    0x0800d0ac   0x0800d0ac   0x000005e8   Code   RO          900    .text               os_q.o
    0x0800d694   0x0800d694   0x0000038c   Code   RO          920    .text               os_sem.o
    0x0800da20   0x0800da20   0x000007c4   Code   RO          940    .text               os_task.o
    0x0800e1e4   0x0800e1e4   0x000001b0   Code   RO          960    .text               os_time.o
    0x0800e394   0x0800e394   0x000001c4   Code   RO          994    .text               os_cpu_c.o
    0x0800e558   0x0800e558   0x000000c8   Code   RO         1022    .text               os_cpu_a.o
    0x0800e620   0x0800e620   0x00000002   Code   RO         1027    .text               c_w.l(use_no_semi_2.o)
    0x0800e622   0x0800e622   0x00000002   PAD
    0x0800e624   0x0800e624   0x00000018   Code   RO         1033    .text               c_w.l(noretval__2printf.o)
    0x0800e63c   0x0800e63c   0x00000028   Code   RO         1035    .text               c_w.l(noretval__2sprintf.o)
    0x0800e664   0x0800e664   0x0000004e   Code   RO         1039    .text               c_w.l(_printf_pad.o)
    0x0800e6b2   0x0800e6b2   0x00000052   Code   RO         1041    .text               c_w.l(_printf_str.o)
    0x0800e704   0x0800e704   0x00000078   Code   RO         1043    .text               c_w.l(_printf_dec.o)
    0x0800e77c   0x0800e77c   0x00000058   Code   RO         1048    .text               c_w.l(_printf_hex_int.o)
    0x0800e7d4   0x0800e7d4   0x00000138   Code   RO         1078    .text               c_w.l(__printf_flags_wp.o)
    0x0800e90c   0x0800e90c   0x0000003c   Code   RO         1090    .text               c_w.l(__0sscanf.o)
    0x0800e948   0x0800e948   0x0000014c   Code   RO         1092    .text               c_w.l(_scanf_int.o)
    0x0800ea94   0x0800ea94   0x00000014   Code   RO         1094    .text               c_w.l(strchr.o)
    0x0800eaa8   0x0800eaa8   0x0000001e   Code   RO         1096    .text               c_w.l(strpbrk.o)
    0x0800eac6   0x0800eac6   0x00000024   Code   RO         1098    .text               c_w.l(strstr.o)
    0x0800eaea   0x0800eaea   0x00000048   Code   RO         1100    .text               c_w.l(strcpy.o)
    0x0800eb32   0x0800eb32   0x0000003e   Code   RO         1102    .text               c_w.l(strlen.o)
    0x0800eb70   0x0800eb70   0x00000064   Code   RO         1104    .text               c_w.l(rt_memcpy_w.o)
    0x0800ebd4   0x0800ebd4   0x0000004e   Code   RO         1106    .text               c_w.l(rt_memclr_w.o)
    0x0800ec22   0x0800ec22   0x00000056   Code   RO         1108    .text               c_w.l(strncpy.o)
    0x0800ec78   0x0800ec78   0x00000006   Code   RO         1110    .text               c_w.l(heapauxi.o)
    0x0800ec7e   0x0800ec7e   0x00000002   Code   RO         1130    .text               c_w.l(use_no_semi.o)
    0x0800ec80   0x0800ec80   0x000000b2   Code   RO         1133    .text               c_w.l(_printf_intcommon.o)
    0x0800ed32   0x0800ed32   0x00000002   PAD
    0x0800ed34   0x0800ed34   0x00000030   Code   RO         1135    .text               c_w.l(_printf_char_common.o)
    0x0800ed64   0x0800ed64   0x0000000a   Code   RO         1137    .text               c_w.l(_sputc.o)
    0x0800ed6e   0x0800ed6e   0x0000002c   Code   RO         1139    .text               c_w.l(_printf_char.o)
    0x0800ed9a   0x0800ed9a   0x00000002   PAD
    0x0800ed9c   0x0800ed9c   0x00000024   Code   RO         1141    .text               c_w.l(_printf_char_file.o)
    0x0800edc0   0x0800edc0   0x0000001c   Code   RO         1144    .text               c_w.l(_chval.o)
    0x0800eddc   0x0800eddc   0x0000002c   Code   RO         1146    .text               c_w.l(scanf_char.o)
    0x0800ee08   0x0800ee08   0x00000040   Code   RO         1148    .text               c_w.l(_sgetc.o)
    0x0800ee48   0x0800ee48   0x00000044   Code   RO         1150    .text               c_w.l(rt_memclr.o)
    0x0800ee8c   0x0800ee8c   0x00000012   Code   RO         1172    .text               c_w.l(isspace.o)
    0x0800ee9e   0x0800ee9e   0x00000002   PAD
    0x0800eea0   0x0800eea0   0x00000374   Code   RO         1176    .text               c_w.l(_scanf.o)
    0x0800f214   0x0800f214   0x00000008   Code   RO         1178    .text               c_w.l(ferror.o)
    0x0800f21c   0x0800f21c   0x0000004a   Code   RO         1182    .text               c_w.l(sys_stackheap_outer.o)
    0x0800f266   0x0800f266   0x00000002   PAD
    0x0800f268   0x0800f268   0x00000010   Code   RO         1184    .text               c_w.l(rt_ctype_table.o)
    0x0800f278   0x0800f278   0x00000012   Code   RO         1186    .text               c_w.l(exit.o)
    0x0800f28a   0x0800f28a   0x00000002   PAD
    0x0800f28c   0x0800f28c   0x00000008   Code   RO         1194    .text               c_w.l(libspace.o)
    0x0800f294   0x0800f294   0x00000008   Code   RO         1202    .text               c_w.l(rt_locale_intlibspace.o)
    0x0800f29c   0x0800f29c   0x00000080   Code   RO         1259    .text               c_w.l(strcmpv7m.o)
    0x0800f31c   0x0800f31c   0x0000000e   Code   RO         1076    i._is_digit         c_w.l(__printf_wp.o)
    0x0800f32a   0x0800f32a   0x00000002   PAD
    0x0800f32c   0x0800f32c   0x0000002c   Code   RO         1205    locale$$code        c_w.l(lc_ctype_c.o)
    0x0800f358   0x0800f358   0x000002b0   Code   RO         1115    x$fpl$ddiv          fz_wm.l(ddiv.o)
    0x0800f608   0x0800f608   0x0000005a   Code   RO         1118    x$fpl$dfixu         fz_wm.l(dfixu.o)
    0x0800f662   0x0800f662   0x00000026   Code   RO         1122    x$fpl$dfltu         fz_wm.l(dflt_clz.o)
    0x0800f688   0x0800f688   0x00000154   Code   RO         1128    x$fpl$dmul          fz_wm.l(dmul.o)
    0x0800f7dc   0x0800f7dc   0x0000009c   Code   RO         1152    x$fpl$dnaninf       fz_wm.l(dnaninf.o)
    0x0800f878   0x0800f878   0x0000000c   Code   RO         1154    x$fpl$dretinf       fz_wm.l(dretinf.o)
    0x0800f884   0x0800f884   0x0000000a   Code   RO         1263    x$fpl$fpinit        fz_wm.l(fpinit.o)
    0x0800f88e   0x0800f88e   0x00000000   Code   RO         1156    x$fpl$usenofp       fz_wm.l(usenofp.o)
    0x0800f88e   0x0800f88e   0x00000002   PAD
    0x0800f890   0x0800f890   0x00000020   Data   RO            5    .constdata          main.o
    0x0800f8b0   0x0800f8b0   0x000017c0   Data   RO          365    .constdata          lcd.o
    0x08011070   0x08011070   0x0000001c   Data   RO          776    .constdata          stm32f4xx_fsmc.o
    0x0801108c   0x0801108c   0x00000100   Data   RO          800    .constdata          os_core.o
    0x0801118c   0x0801118c   0x00000028   Data   RO         1049    .constdata          c_w.l(_printf_hex_int.o)
    0x080111b4   0x080111b4   0x00000011   Data   RO         1079    .constdata          c_w.l(__printf_flags_wp.o)
    0x080111c5   0x080111c5   0x00000003   PAD
    0x080111c8   0x080111c8   0x00000075   Data   RO            6    .conststring        main.o
    0x0801123d   0x0801123d   0x00000003   PAD
    0x08011240   0x08011240   0x00000020   Data   RO         1329    Region$$Table       anon$$obj.o
    0x08011260   0x08011260   0x00000110   Data   RO         1204    locale$$data        c_w.l(lc_ctype_c.o)


    Execution Region RW_IRAM1 (Exec base: 0x20000000, Load base: 0x08011370, Size: 0x00004350, Max: 0x00020000, ABSOLUTE)

    Exec Addr    Load Addr    Size         Type   Attr      Idx    E Section Name        Object

    0x20000000   0x08011370   0x0000002b   Data   RW            7    .data               main.o
    0x2000002b   0x0801139b   0x00000001   PAD
    0x2000002c   0x0801139c   0x00000014   Data   RW          257    .data               system_stm32f4xx.o
    0x20000040   0x080113b0   0x00000001   Data   RW          343    .data               key.o
    0x20000041   0x080113b1   0x00000001   PAD
    0x20000042   0x080113b2   0x00000004   Data   RW          366    .data               lcd.o
    0x20000046   0x080113b6   0x00000004   Data   RW          402    .data               rtc.o
    0x2000004a   0x080113ba   0x00000001   Data   RW          449    .data               exti.o
    0x2000004b   0x080113bb   0x00000001   PAD
    0x2000004c   0x080113bc   0x00000004   Data   RW          476    .data               delay.o
    0x20000050   0x080113c0   0x00000008   Data   RW          517    .data               usart.o
    0x20000058   0x080113c8   0x00000010   Data   RW          594    .data               stm32f4xx_rcc.o
    0x20000068   0x080113d8   0x00000048   Data   RW          801    .data               os_core.o
    0x200000b0        -       0x000030b0   Zero   RW            4    .bss                main.o
    0x20003160        -       0x0000000e   Zero   RW          364    .bss                lcd.o
    0x2000316e        -       0x00000100   Zero   RW          516    .bss                usart.o
    0x2000326e   0x08011420   0x00000002   PAD
    0x20003270        -       0x00000a80   Zero   RW          799    .bss                os_core.o
    0x20003cf0        -       0x00000060   Zero   RW         1195    .bss                c_w.l(libspace.o)
    0x20003d50        -       0x00000200   Zero   RW          545    HEAP                startup_stm32f40_41xxx.o
    0x20003f50        -       0x00000400   Zero   RW          544    STACK               startup_stm32f40_41xxx.o


==============================================================================

Image component sizes


      Code (inc. data)   RO Data    RW Data    ZI Data      Debug   Object Name

       316         16          0          0          0       1637   adc.o
       212         30          0          0          0        869   dac.o
       296         18          0          4          0       1873   delay.o
       408         16          0          1          0       2126   exti.o
       260         12          0          1          0        892   key.o
     19584        174       6080          4         14      22946   lcd.o
        76          6          0          0          0        543   led.o
     11484       1502        149         43      12464     341374   main.o
       224         20          0          0          0       1845   misc.o
      2192        218        256         72       2688      15315   os_core.o
       200         32          0          0          0        332   os_cpu_a.o
       452          6          0          0          0      10690   os_cpu_c.o
      2060         42          0          0          0       7248   os_flag.o
      1536         46          0          0          0       4642   os_mutex.o
      1512         30          0          0          0       5813   os_q.o
       908         18          0          0          0       4086   os_sem.o
      1988         70          0          0          0       7933   os_task.o
       432         30          0          0          0       1894   os_time.o
       676         24          0          4          0       3452   rtc.o
       760         20          0          0          0       1952   sram.o
        64         26        392          0       1536        840   startup_stm32f40_41xxx.o
      1124         24          0          0          0      10718   stm32f4xx_adc.o
       528          6          0          0          0       5073   stm32f4xx_dac.o
       936         32          0          0          0       6421   stm32f4xx_dma.o
       272         10          0          0          0       2315   stm32f4xx_exti.o
      1480         18         28          0          0       5690   stm32f4xx_fsmc.o
       660         44          0          0          0       4185   stm32f4xx_gpio.o
        22          0          0          0          0       1047   stm32f4xx_it.o
       364         12          0          0          0       3807   stm32f4xx_pwr.o
      1628         52          0         16          0      13076   stm32f4xx_rcc.o
      3432         44          0          0          0      15460   stm32f4xx_rtc.o
       148         12          0          0          0       1857   stm32f4xx_syscfg.o
      1108         34          0          0          0       7912   stm32f4xx_usart.o
       528         46          0         20          0       1819   system_stm32f4xx.o
       448         26          0          8        256       3604   usart.o

    ----------------------------------------------------------------------
     58320       2716       6940        176      16960     521286   Object Totals
         0          0         32          0          0          0   (incl. Generated)
         2          0          3          3          2          0   (incl. Padding)

    ----------------------------------------------------------------------

      Code (inc. data)   RO Data    RW Data    ZI Data      Debug   Library Member Name

        60          8          0          0          0         84   __0sscanf.o
         8          0          0          0          0         68   __main.o
       312          4         17          0          0         92   __printf_flags_wp.o
        14          0          0          0          0         68   __printf_wp.o
         0          0          0          0          0          0   __rtentry.o
        12          0          0          0          0          0   __rtentry2.o
         6          0          0          0          0          0   __rtentry4.o
        52          8          0          0          0          0   __scatter.o
        26          0          0          0          0          0   __scatter_copy.o
        28          0          0          0          0          0   __scatter_zi.o
        28          0          0          0          0         68   _chval.o
        44          0          0          0          0        108   _printf_char.o
        48          6          0          0          0         96   _printf_char_common.o
        36          4          0          0          0         80   _printf_char_file.o
         6          0          0          0          0          0   _printf_d.o
       120         16          0          0          0         92   _printf_dec.o
        88          4         40          0          0         88   _printf_hex_int.o
       178          0          0          0          0         88   _printf_intcommon.o
        78          0          0          0          0        108   _printf_pad.o
         0          0          0          0          0          0   _printf_percent.o
         4          0          0          0          0          0   _printf_percent_end.o
         6          0          0          0          0          0   _printf_s.o
        82          0          0          0          0         80   _printf_str.o
         6          0          0          0          0          0   _printf_x.o
       884          4          0          0          0        100   _scanf.o
       332          0          0          0          0         96   _scanf_int.o
        64          0          0          0          0         84   _sgetc.o
        10          0          0          0          0         68   _sputc.o
        18          0          0          0          0         80   exit.o
         8          0          0          0          0         68   ferror.o
         6          0          0          0          0        152   heapauxi.o
        18          0          0          0          0         76   isspace.o
        44         10        272          0          0         76   lc_ctype_c.o
         2          0          0          0          0          0   libinit.o
        24          0          0          0          0          0   libinit2.o
         2          0          0          0          0          0   libshutdown.o
         2          0          0          0          0          0   libshutdown2.o
         8          4          0          0         96         68   libspace.o
        24          4          0          0          0         84   noretval__2printf.o
        40          6          0          0          0         84   noretval__2sprintf.o
        16          4          0          0          0         76   rt_ctype_table.o
         8          4          0          0          0         68   rt_locale_intlibspace.o
        68          0          0          0          0         68   rt_memclr.o
        78          0          0          0          0         80   rt_memclr_w.o
       100          0          0          0          0         80   rt_memcpy_w.o
         2          0          0          0          0          0   rtexit.o
        10          0          0          0          0          0   rtexit2.o
        44          8          0          0          0         84   scanf_char.o
        20          0          0          0          0         68   strchr.o
       128          0          0          0          0         68   strcmpv7m.o
        72          0          0          0          0         80   strcpy.o
        62          0          0          0          0         76   strlen.o
        86          0          0          0          0         76   strncpy.o
        30          0          0          0          0         76   strpbrk.o
        36          0          0          0          0         80   strstr.o
        74          0          0          0          0         80   sys_stackheap_outer.o
         2          0          0          0          0         68   use_no_semi.o
         2          0          0          0          0         68   use_no_semi_2.o
       688        140          0          0          0        256   ddiv.o
        90          4          0          0          0        140   dfixu.o
        38          0          0          0          0        116   dflt_clz.o
       340         12          0          0          0        152   dmul.o
       156          4          0          0          0        140   dnaninf.o
        12          0          0          0          0        116   dretinf.o
        10          0          0          0          0        116   fpinit.o
         0          0          0          0          0          0   usenofp.o

    ----------------------------------------------------------------------
      4920        254        332          0         96       4388   Library Totals
        20          0          3          0          0          0   (incl. Padding)

    ----------------------------------------------------------------------

      Code (inc. data)   RO Data    RW Data    ZI Data      Debug   Library Name

      3566         94        329          0         96       3352   c_w.l
      1334        160          0          0          0       1036   fz_wm.l

    ----------------------------------------------------------------------
      4920        254        332          0         96       4388   Library Totals

    ----------------------------------------------------------------------

==============================================================================


      Code (inc. data)   RO Data    RW Data    ZI Data      Debug   

     63240       2970       7272        176      17056     515450   Grand Totals
     63240       2970       7272        176      17056     515450   ELF Image Totals
     63240       2970       7272        176          0          0   ROM Totals

==============================================================================

    Total RO  Size (Code + RO Data)                70512 (  68.86kB)
    Total RW  Size (RW Data + ZI Data)             17232 (  16.83kB)
    Total ROM Size (Code + RO Data + RW Data)      70688 (  69.03kB)

==============================================================================

