<html>
<body>
<pre>
<h1>礦ision Build Log</h1>
<h2>Tool Versions:</h2>
IDE-Version: μVision V5.34.0.0
Copyright (C) 2021 ARM Ltd and ARM Germany GmbH. All rights reserved.
License Information: Li Administrator, ujs, LIC=WC9MF-QJ6VC-2NPA9-HHTL4-A6NJL-03QC3
 
Tool Versions:
Toolchain:       MDK-ARM Community  Version: 5.34.0.0
Toolchain Path:  D:\Keil_v5\ARM\ARMCC\Bin
C Compiler:      Armcc.exe V5.06 update 7 (build 960)
Assembler:       Armasm.exe V5.06 update 7 (build 960)
Linker/Locator:  ArmLink.exe V5.06 update 7 (build 960)
Library Manager: ArmAr.exe V5.06 update 7 (build 960)
Hex Converter:   FromElf.exe V5.06 update 7 (build 960)
CPU DLL:         SARMCM3.DLL V5.34.0.0
Dialog DLL:      DCM.DLL V1.17.3.0
Target DLL:      STLink\ST-LINKIII-KEIL_SWO.dll V3.0.8.0
Dialog DLL:      TCM.DLL V1.48.0.0
 
<h2>Project:</h2>
e:\嵌入式系统课程设计\ujs-stm32\gateway-system\USER\UCOS-1.uvprojx
Project File Date:  06/17/2026

<h2>Output:</h2>
*** Using Compiler 'V5.06 update 7 (build 960)', folder: 'D:\Keil_v5\ARM\ARMCC\Bin'
Rebuild target 'UCOS-1'
compiling stm32f4xx_it.c...
compiling led.c...
compiling dac.c...
compiling adc.c...
compiling sram.c...
compiling system_stm32f4xx.c...
compiling sys.c...
compiling delay.c...
compiling key.c...
compiling rtc.c...
compiling exti.c...
assembling startup_stm32f40_41xxx.s...
compiling lcd.c...
compiling main.c...
compiling usart.c...
compiling misc.c...
compiling stm32f4xx_gpio.c...
compiling stm32f4xx_syscfg.c...
compiling stm32f4xx_rcc.c...
compiling stm32f4xx_usart.c...
compiling stm32f4xx_adc.c...
compiling stm32f4xx_dma.c...
compiling stm32f4xx_pwr.c...
compiling stm32f4xx_exti.c...
compiling stm32f4xx_dac.c...
compiling stm32f4xx_fsmc.c...
compiling stm32f4xx_rtc.c...
compiling os_core.c...
compiling os_flag.c...
assembling os_cpu_a.asm...
compiling os_mbox.c...
compiling os_mem.c...
compiling os_q.c...
compiling os_mutex.c...
compiling os_sem.c...
compiling os_tmr.c...
compiling os_time.c...
compiling os_task.c...
compiling os_cpu_c.c...
linking...
Program Size: Code=63240 RO-data=7272 RW-data=176 ZI-data=17056  
FromELF: creating hex file...
"..\OBJ\UCOS-1.axf" - 0 Error(s), 0 Warning(s).

<h2>Software Packages used:</h2>

Package Vendor: Keil
                http://www.keil.com/pack/Keil.STM32F4xx_DFP.2.15.0.pack
                Keil.STM32F4xx_DFP.2.15.0
                STMicroelectronics STM32F4 Series Device Support, Drivers and Examples

<h2>Collection of Component include folders:</h2>
  D:\Keil_v5\AppData\Local\Arm\Packs\Keil\STM32F4xx_DFP\2.15.0\Drivers\CMSIS\Device\ST\STM32F4xx\Include

<h2>Collection of Component Files used:</h2>
Build Time Elapsed:  00:00:03
</pre>
</body>
</html>
